password.c:93:13:lcd_show_message	16	static
password.c:102:13:lcd_show_password_mask	32	static
password.c:123:13:pw_clear_input	16	static
password.c:131:13:pw_shift_and_append	16	static
password.c:144:12:pw_compare	24	static
password.c:160:12:keypad_read_raw_key	32	static
password.c:243:12:keypad_poll_new_digit	16	static
password.c:269:12:is_enter_pressed	8	static
password.c:273:16:read_digit_from_input	4	static
password.c:277:12:is_clear_pressed	4	static
password.c:285:12:is_change_mode_requested	4	static
password.c:295:6:password_init	8	static
password.c:316:6:password_fsm_run	24	static
password.c:464:5:password_is_correct_event	4	static
password.c:472:5:password_is_locked	4	static
password.c:476:5:password_is_intruder_alarm	4	static
