password.c:101:13:lcd_show_message	16	static
password.c:110:13:lcd_show_password_mask	32	static
password.c:131:13:pw_clear_input	16	static
password.c:139:13:pw_shift_and_append	16	static
password.c:152:12:pw_compare	24	static
password.c:168:12:keypad_read_raw_key	40	static
password.c:263:12:keypad_poll_new_digit	16	static
password.c:289:12:is_enter_pressed	8	static
password.c:293:16:read_digit_from_input	4	static
password.c:297:12:is_clear_pressed	4	static
password.c:305:12:is_change_mode_requested	4	static
password.c:315:6:password_init	8	static
password.c:337:6:password_fsm_run	24	static
password.c:535:5:password_is_correct_event	4	static
password.c:543:5:password_is_locked	4	static
password.c:547:5:password_is_intruder_alarm	4	static
password.c:551:6:password_stop_alarm_signal	4	static
password.c:555:6:password_show_input_screen	8	static
password.c:564:6:password_enable_fsm	4	static
password.c:568:6:password_disable_fsm	4	static
