Archive member included to satisfy reference by file (symbol)

c:/st/stm32cubeide_1.7.0/stm32cubeide/plugins/com.st.stm32cube.ide.mcu.externaltools.gnu-tools-for-stm32.9-2020-q2-update.win32_2.0.0.202105311346/tools/bin/../lib/gcc/arm-none-eabi/9.3.1/../../../../arm-none-eabi/lib/thumb/v7-m/nofp\libc_nano.a(lib_a-errno.o)
                              ./Core/Src/syscalls.o (__errno)
c:/st/stm32cubeide_1.7.0/stm32cubeide/plugins/com.st.stm32cube.ide.mcu.externaltools.gnu-tools-for-stm32.9-2020-q2-update.win32_2.0.0.202105311346/tools/bin/../lib/gcc/arm-none-eabi/9.3.1/../../../../arm-none-eabi/lib/thumb/v7-m/nofp\libc_nano.a(lib_a-exit.o)
                              c:/st/stm32cubeide_1.7.0/stm32cubeide/plugins/com.st.stm32cube.ide.mcu.externaltools.gnu-tools-for-stm32.9-2020-q2-update.win32_2.0.0.202105311346/tools/bin/../lib/gcc/arm-none-eabi/9.3.1/../../../../arm-none-eabi/lib/thumb/v7-m/nofp/crt0.o (exit)
c:/st/stm32cubeide_1.7.0/stm32cubeide/plugins/com.st.stm32cube.ide.mcu.externaltools.gnu-tools-for-stm32.9-2020-q2-update.win32_2.0.0.202105311346/tools/bin/../lib/gcc/arm-none-eabi/9.3.1/../../../../arm-none-eabi/lib/thumb/v7-m/nofp\libc_nano.a(lib_a-impure.o)
                              c:/st/stm32cubeide_1.7.0/stm32cubeide/plugins/com.st.stm32cube.ide.mcu.externaltools.gnu-tools-for-stm32.9-2020-q2-update.win32_2.0.0.202105311346/tools/bin/../lib/gcc/arm-none-eabi/9.3.1/../../../../arm-none-eabi/lib/thumb/v7-m/nofp\libc_nano.a(lib_a-exit.o) (_global_impure_ptr)
c:/st/stm32cubeide_1.7.0/stm32cubeide/plugins/com.st.stm32cube.ide.mcu.externaltools.gnu-tools-for-stm32.9-2020-q2-update.win32_2.0.0.202105311346/tools/bin/../lib/gcc/arm-none-eabi/9.3.1/../../../../arm-none-eabi/lib/thumb/v7-m/nofp\libc_nano.a(lib_a-init.o)
                              c:/st/stm32cubeide_1.7.0/stm32cubeide/plugins/com.st.stm32cube.ide.mcu.externaltools.gnu-tools-for-stm32.9-2020-q2-update.win32_2.0.0.202105311346/tools/bin/../lib/gcc/arm-none-eabi/9.3.1/../../../../arm-none-eabi/lib/thumb/v7-m/nofp/crt0.o (__libc_init_array)
c:/st/stm32cubeide_1.7.0/stm32cubeide/plugins/com.st.stm32cube.ide.mcu.externaltools.gnu-tools-for-stm32.9-2020-q2-update.win32_2.0.0.202105311346/tools/bin/../lib/gcc/arm-none-eabi/9.3.1/../../../../arm-none-eabi/lib/thumb/v7-m/nofp\libc_nano.a(lib_a-memset.o)
                              c:/st/stm32cubeide_1.7.0/stm32cubeide/plugins/com.st.stm32cube.ide.mcu.externaltools.gnu-tools-for-stm32.9-2020-q2-update.win32_2.0.0.202105311346/tools/bin/../lib/gcc/arm-none-eabi/9.3.1/../../../../arm-none-eabi/lib/thumb/v7-m/nofp/crt0.o (memset)
c:/st/stm32cubeide_1.7.0/stm32cubeide/plugins/com.st.stm32cube.ide.mcu.externaltools.gnu-tools-for-stm32.9-2020-q2-update.win32_2.0.0.202105311346/tools/bin/../lib/gcc/arm-none-eabi/9.3.1/../../../../arm-none-eabi/lib/thumb/v7-m/nofp\libc_nano.a(lib_a-sprintf.o)
                              ./Core/Src/lcd_i2c.o (sprintf)
c:/st/stm32cubeide_1.7.0/stm32cubeide/plugins/com.st.stm32cube.ide.mcu.externaltools.gnu-tools-for-stm32.9-2020-q2-update.win32_2.0.0.202105311346/tools/bin/../lib/gcc/arm-none-eabi/9.3.1/../../../../arm-none-eabi/lib/thumb/v7-m/nofp\libc_nano.a(lib_a-nano-svfprintf.o)
                              c:/st/stm32cubeide_1.7.0/stm32cubeide/plugins/com.st.stm32cube.ide.mcu.externaltools.gnu-tools-for-stm32.9-2020-q2-update.win32_2.0.0.202105311346/tools/bin/../lib/gcc/arm-none-eabi/9.3.1/../../../../arm-none-eabi/lib/thumb/v7-m/nofp\libc_nano.a(lib_a-sprintf.o) (_svfprintf_r)
c:/st/stm32cubeide_1.7.0/stm32cubeide/plugins/com.st.stm32cube.ide.mcu.externaltools.gnu-tools-for-stm32.9-2020-q2-update.win32_2.0.0.202105311346/tools/bin/../lib/gcc/arm-none-eabi/9.3.1/../../../../arm-none-eabi/lib/thumb/v7-m/nofp\libc_nano.a(lib_a-nano-vfprintf_i.o)
                              c:/st/stm32cubeide_1.7.0/stm32cubeide/plugins/com.st.stm32cube.ide.mcu.externaltools.gnu-tools-for-stm32.9-2020-q2-update.win32_2.0.0.202105311346/tools/bin/../lib/gcc/arm-none-eabi/9.3.1/../../../../arm-none-eabi/lib/thumb/v7-m/nofp\libc_nano.a(lib_a-nano-svfprintf.o) (_printf_i)
c:/st/stm32cubeide_1.7.0/stm32cubeide/plugins/com.st.stm32cube.ide.mcu.externaltools.gnu-tools-for-stm32.9-2020-q2-update.win32_2.0.0.202105311346/tools/bin/../lib/gcc/arm-none-eabi/9.3.1/../../../../arm-none-eabi/lib/thumb/v7-m/nofp\libc_nano.a(lib_a-memchr-stub.o)
                              c:/st/stm32cubeide_1.7.0/stm32cubeide/plugins/com.st.stm32cube.ide.mcu.externaltools.gnu-tools-for-stm32.9-2020-q2-update.win32_2.0.0.202105311346/tools/bin/../lib/gcc/arm-none-eabi/9.3.1/../../../../arm-none-eabi/lib/thumb/v7-m/nofp\libc_nano.a(lib_a-nano-svfprintf.o) (memchr)
c:/st/stm32cubeide_1.7.0/stm32cubeide/plugins/com.st.stm32cube.ide.mcu.externaltools.gnu-tools-for-stm32.9-2020-q2-update.win32_2.0.0.202105311346/tools/bin/../lib/gcc/arm-none-eabi/9.3.1/../../../../arm-none-eabi/lib/thumb/v7-m/nofp\libc_nano.a(lib_a-memcpy-stub.o)
[...]
Memory Configuration

Name             Origin             Length             Attributes
RAM              0x0000000020000000 0x0000000000005000 xrw
FLASH            0x0000000008000000 0x0000000000010000 xr
*default*        0x0000000000000000 0xffffffffffffffff

Linker script and memory map

LOAD c:/st/stm32cubeide_1.7.0/stm32cubeide/plugins/com.st.stm32cube.ide.mcu.externaltools.gnu-tools-for-stm32.9-2020-q2-update.win32_2.0.0.202105311346/tools/bin/../lib/gcc/arm-none-eabi/9.3.1/thumb/v7-m/nofp/crti.o
LOAD c:/st/stm32cubeide_1.7.0/stm32cubeide/plugins/com.st.stm32cube.ide.mcu.externaltools.gnu-tools-for-stm32.9-2020-q2-update.win32_2.0.0.202105311346/tools/bin/../lib/gcc/arm-none-eabi/9.3.1/thumb/v7-m/nofp/crtbegin.o
LOAD c:/st/stm32cubeide_1.7.0/stm32cubeide/plugins/com.st.stm32cube.ide.mcu.externaltools.gnu-tools-for-stm32.9-2020-q2-update.win32_2.0.0.202105311346/tools/bin/../lib/gcc/arm-none-eabi/9.3.1/../../../../arm-none-eabi/lib/thumb/v7-m/nofp/crt0.o
LOAD ./Core/Src/button.o
LOAD ./Core/Src/buzzer.o
LOAD ./Core/Src/door.o
LOAD ./Core/Src/lcd.o
LOAD ./Core/Src/lcd_i2c.o
LOAD ./Core/Src/main.o
LOAD ./Core/Src/password.o
LOAD ./Core/Src/software_timer.o
LOAD ./Core/Src/stm32f1xx_hal_msp.o
LOAD ./Core/Src/stm32f1xx_it.o
LOAD ./Core/Src/syscalls.o
LOAD ./Core/Src/sysmem.o
LOAD ./Core/Src/system_stm32f1xx.o
LOAD ./Core/Startup/startup_stm32f103c8tx.o
LOAD ./Drivers/STM32F1xx_HAL_Driver/Src/stm32f1xx_hal.o
LOAD ./Drivers/STM32F1xx_HAL_Driver/Src/stm32f1xx_hal_cortex.o
LOAD ./Drivers/STM32F1xx_HAL_Driver/Src/stm32f1xx_hal_dma.o
LOAD ./Drivers/STM32F1xx_HAL_Driver/Src/stm32f1xx_hal_exti.o
LOAD ./Drivers/STM32F1xx_HAL_Driver/Src/stm32f1xx_hal_flash.o
LOAD ./Drivers/STM32F1xx_HAL_Driver/Src/stm32f1xx_hal_flash_ex.o
LOAD ./Drivers/STM32F1xx_HAL_Driver/Src/stm32f1xx_hal_gpio.o
LOAD ./Drivers/STM32F1xx_HAL_Driver/Src/stm32f1xx_hal_gpio_ex.o
LOAD ./Drivers/STM32F1xx_HAL_Driver/Src/stm32f1xx_hal_i2c.o
LOAD ./Drivers/STM32F1xx_HAL_Driver/Src/stm32f1xx_hal_pwr.o
LOAD ./Drivers/STM32F1xx_HAL_Driver/Src/stm32f1xx_hal_rcc.o
LOAD ./Drivers/STM32F1xx_HAL_Driver/Src/stm32f1xx_hal_rcc_ex.o
LOAD ./Drivers/STM32F1xx_HAL_Driver/Src/stm32f1xx_hal_tim.o
LOAD ./Drivers/STM32F1xx_HAL_Driver/Src/stm32f1xx_hal_tim_ex.o
START GROUP
LOAD c:/st/stm32cubeide_1.7.0/stm32cubeide/plugins/com.st.stm32cube.ide.mcu.externaltools.gnu-tools-for-stm32.9-2020-q2-update.win32_2.0.0.202105311346/tools/bin/../lib/gcc/arm-none-eabi/9.3.1/../../../../arm-none-eabi/lib/thumb/v7-m/nofp\libc_nano.a
LOAD c:/st/stm32cubeide_1.7.0/stm32cubeide/plugins/com.st.stm32cube.ide.mcu.externaltools.gnu-tools-for-stm32.9-2020-q2-update.win32_2.0.0.202105311346/tools/bin/../lib/gcc/arm-none-eabi/9.3.1/../../../../arm-none-eabi/lib/thumb/v7-m/nofp\libm.a
END GROUP
START GROUP
LOAD c:/st/stm32cubeide_1.7.0/stm32cubeide/plugins/com.st.stm32cube.ide.mcu.externaltools.gnu-tools-for-stm32.9-2020-q2-update.win32_2.0.0.202105311346/tools/bin/../lib/gcc/arm-none-eabi/9.3.1/thumb/v7-m/nofp\libgcc.a
LOAD c:/st/stm32cubeide_1.7.0/stm32cubeide/plugins/com.st.stm32cube.ide.mcu.externaltools.gnu-tools-for-stm32.9-2020-q2-update.win32_2.0.0.202105311346/tools/bin/../lib/gcc/arm-none-eabi/9.3.1/../../../../arm-none-eabi/lib/thumb/v7-m/nofp\libc_nano.a
END GROUP
START GROUP
LOAD c:/st/stm32cubeide_1.7.0/stm32cubeide/plugins/com.st.stm32cube.ide.mcu.externaltools.gnu-tools-for-stm32.9-2020-q2-update.win32_2.0.0.202105311346/tools/bin/../lib/gcc/arm-none-eabi/9.3.1/thumb/v7-m/nofp\libgcc.a
LOAD c:/st/stm32cubeide_1.7.0/stm32cubeide/plugins/com.st.stm32cube.ide.mcu.externaltools.gnu-tools-for-stm32.9-2020-q2-update.win32_2.0.0.202105311346/tools/bin/../lib/gcc/arm-none-eabi/9.3.1/../../../../arm-none-eabi/lib/thumb/v7-m/nofp\libc_nano.a
LOAD c:/st/stm32cubeide_1.7.0/stm32cubeide/plugins/com.st.stm32cube.ide.mcu.externaltools.gnu-tools-for-stm32.9-2020-q2-update.win32_2.0.0.202105311346/tools/bin/../lib/gcc/arm-none-eabi/9.3.1/../../../../arm-none-eabi/lib/thumb/v7-m/nofp\libnosys.a
END GROUP
START GROUP
LOAD c:/st/stm32cubeide_1.7.0/stm32cubeide/plugins/com.st.stm32cube.ide.mcu.externaltools.gnu-tools-for-stm32.9-2020-q2-update.win32_2.0.0.202105311346/tools/bin/../lib/gcc/arm-none-eabi/9.3.1/thumb/v7-m/nofp\libgcc.a
LOAD c:/st/stm32cubeide_1.7.0/stm32cubeide/plugins/com.st.stm32cube.ide.mcu.externaltools.gnu-tools-for-stm32.9-2020-q2-update.win32_2.0.0.202105311346/tools/bin/../lib/gcc/arm-none-eabi/9.3.1/../../../../arm-none-eabi/lib/thumb/v7-m/nofp\libc_nano.a
LOAD c:/st/stm32cubeide_1.7.0/stm32cubeide/plugins/com.st.stm32cube.ide.mcu.externaltools.gnu-tools-for-stm32.9-2020-q2-update.win32_2.0.0.202105311346/tools/bin/../lib/gcc/arm-none-eabi/9.3.1/../../../../arm-none-eabi/lib/thumb/v7-m/nofp\libnosys.a
END GROUP
LOAD c:/st/stm32cubeide_1.7.0/stm32cubeide/plugins/com.st.stm32cube.ide.mcu.externaltools.gnu-tools-for-stm32.9-2020-q2-update.win32_2.0.0.202105311346/tools/bin/../lib/gcc/arm-none-eabi/9.3.1/thumb/v7-m/nofp/crtend.o
LOAD c:/st/stm32cubeide_1.7.0/stm32cubeide/plugins/com.st.stm32cube.ide.mcu.externaltools.gnu-tools-for-stm32.9-2020-q2-update.win32_2.0.0.202105311346/tools/bin/../lib/gcc/arm-none-eabi/9.3.1/thumb/v7-m/nofp/crtn.o
                0x0000000020005000                _estack = (ORIGIN (RAM) + LENGTH (RAM))
                0x0000000000000200                _Min_Heap_Size = 0x200
                0x0000000000000400                _Min_Stack_Size = 0x400

.isr_vector     0x0000000008000000      0x10c
                0x0000000008000000                . = ALIGN (0x4)
 *(.isr_vector)
 .isr_vector    0x0000000008000000      0x10c ./Core/Startup/startup_stm32f103c8tx.o
                0x0000000008000000                g_pfnVectors
                0x000000000800010c                . = ALIGN (0x4)

.text           0x000000000800010c     0x3fec
                0x000000000800010c                . = ALIGN (0x4)
 *(.text)
 .text          0x000000000800010c       0x40 c:/st/stm32cubeide_1.7.0/stm32cubeide/plugins/com.st.stm32cube.ide.mcu.externaltools.gnu-tools-for-stm32.9-2020-q2-update.win32_2.0.0.202105311346/tools/bin/../lib/gcc/arm-none-eabi/9.3.1/thumb/v7-m/nofp/crtbegin.o
 *(.text*)
 .text.isButtonPress
                0x000000000800014c       0x34 ./Core/Src/button.o
                0x000000000800014c                isButtonPress
 .text.isOpenPress
                0x0000000008000180       0x10 ./Core/Src/button.o
                0x0000000008000180                isOpenPress
 .text.getKeyInput
                0x0000000008000190       0xe0 ./Core/Src/button.o
                0x0000000008000190                getKeyInput
 .text.Buzzer_Run
                0x0000000008000270       0xb4 ./Core/Src/buzzer.o
                0x0000000008000270                Buzzer_Run
 .text.isDoorClose
                0x0000000008000324       0x20 ./Core/Src/door.o
                0x0000000008000324                isDoorClose
 .text.isPasswordCorrect
                0x0000000008000344        0xe ./Core/Src/door.o
                0x0000000008000344                isPasswordCorrect
 *fill*         0x0000000008000352        0x2 
 .text.unlock_door
                0x0000000008000354       0x18 ./Core/Src/door.o
                0x0000000008000354                unlock_door
 .text.lock_door
                0x000000000800036c       0x18 ./Core/Src/door.o
                0x000000000800036c                lock_door
 .text.alert    0x0000000008000384       0x18 ./Core/Src/door.o
                0x0000000008000384                alert
 .text.stop_alert
                0x000000000800039c       0x18 ./Core/Src/door.o
                0x000000000800039c                stop_alert
 .text.update_led
                0x00000000080003b4       0x60 ./Core/Src/door.o
                0x00000000080003b4                update_led
 .text.door_fsm_run
                0x0000000008000414       0xc4 ./Core/Src/door.o
                0x0000000008000414                door_fsm_run
 .text.LCD_I2C_SendByte
                0x00000000080004d8       0x40 ./Core/Src/lcd_i2c.o
 .text.LCD_I2C_SetAddress
                0x0000000008000518       0x20 ./Core/Src/lcd_i2c.o
                0x0000000008000518                LCD_I2C_SetAddress
 .text.LCD_I2C_WriteBits
                0x0000000008000538       0x68 ./Core/Src/lcd_i2c.o
 .text.LCD_I2C_PulseEnable
                0x00000000080005a0       0x32 ./Core/Src/lcd_i2c.o
 .text.LCD_I2C_SendCommand
                0x00000000080005d2       0x42 ./Core/Src/lcd_i2c.o
 .text.LCD_I2C_SendData
                0x0000000008000614       0x52 ./Core/Src/lcd_i2c.o
 *fill*         0x0000000008000666        0x2 
 .text.LCD_I2C_Init
                0x0000000008000668       0xd0 ./Core/Src/lcd_i2c.o
                0x0000000008000668                LCD_I2C_Init
 .text.LCD_I2C_Clear
                0x0000000008000738       0x14 ./Core/Src/lcd_i2c.o
                0x0000000008000738                LCD_I2C_Clear
 .text.LCD_I2C_SetCursor
                0x000000000800074c       0x38 ./Core/Src/lcd_i2c.o
                0x000000000800074c                LCD_I2C_SetCursor
 .text.LCD_I2C_Print
                0x0000000008000784       0x30 ./Core/Src/lcd_i2c.o
                0x0000000008000784                LCD_I2C_Print
 .text.main     0x00000000080007b4      0x158 ./Core/Src/main.o
                0x00000000080007b4                main
 .text.SystemClock_Config
                0x000000000800090c       0x76 ./Core/Src/main.o
                0x000000000800090c                SystemClock_Config
 *fill*         0x0000000008000982        0x2 
 .text.MX_I2C1_Init
                0x0000000008000984       0x5c ./Core/Src/main.o
 .text.MX_TIM2_Init
                0x00000000080009e0       0x98 ./Core/Src/main.o
 .text.MX_GPIO_Init
                0x0000000008000a78       0xb0 ./Core/Src/main.o
 .text.HAL_TIM_PeriodElapsedCallback
                0x0000000008000b28       0x14 ./Core/Src/main.o
                0x0000000008000b28                HAL_TIM_PeriodElapsedCallback
 .text.Error_Handler
                0x0000000008000b3c        0xa ./Core/Src/main.o
                0x0000000008000b3c                Error_Handler
 .text.lcd_show_message
                0x0000000008000b46       0x32 ./Core/Src/password.o
 .text.lcd_show_password_mask
                0x0000000008000b78       0x8c ./Core/Src/password.o
 .text.pw_clear_input
                0x0000000008000c04       0x3c ./Core/Src/password.o
 .text.pw_shift_and_append
                0x0000000008000c40       0x50 ./Core/Src/password.o
 .text.pw_compare
                0x0000000008000c90       0x40 ./Core/Src/password.o
 .text.keypad_read_raw_key
                0x0000000008000cd0      0x1c8 ./Core/Src/password.o
 .text.keypad_poll_new_digit
                0x0000000008000e98       0x7c ./Core/Src/password.o
 .text.is_enter_pressed
                0x0000000008000f14        0xe ./Core/Src/password.o
 *fill*         0x0000000008000f22        0x2 
 .text.read_digit_from_input
                0x0000000008000f24       0x14 ./Core/Src/password.o
 .text.is_clear_pressed
                0x0000000008000f38       0x24 ./Core/Src/password.o
 .text.is_change_mode_requested
                0x0000000008000f5c       0x24 ./Core/Src/password.o
 .text.password_init
                0x0000000008000f80       0x80 ./Core/Src/password.o
                0x0000000008000f80                password_init
 .text.password_fsm_run
                0x0000000008001000      0x2e4 ./Core/Src/password.o
                0x0000000008001000                password_fsm_run
 .text.password_is_correct_event
                0x00000000080012e4       0x24 ./Core/Src/password.o
                0x00000000080012e4                password_is_correct_event
 .text.setTimer1
                0x0000000008001308       0x28 ./Core/Src/software_timer.o
                0x0000000008001308                setTimer1
 .text.timerRun
                0x0000000008001330       0x5c ./Core/Src/software_timer.o
                0x0000000008001330                timerRun
 .text.HAL_MspInit
                0x000000000800138c       0x64 ./Core/Src/stm32f1xx_hal_msp.o
                0x000000000800138c                HAL_MspInit
 .text.HAL_I2C_MspInit
                0x00000000080013f0       0x7c ./Core/Src/stm32f1xx_hal_msp.o
                0x00000000080013f0                HAL_I2C_MspInit
 .text.HAL_TIM_Base_MspInit
                0x000000000800146c       0x48 ./Core/Src/stm32f1xx_hal_msp.o
                0x000000000800146c                HAL_TIM_Base_MspInit
 .text.NMI_Handler
                0x00000000080014b4        0x6 ./Core/Src/stm32f1xx_it.o
                0x00000000080014b4                NMI_Handler
 .text.HardFault_Handler
                0x00000000080014ba        0x6 ./Core/Src/stm32f1xx_it.o
                0x00000000080014ba                HardFault_Handler
 .text.MemManage_Handler
                0x00000000080014c0        0x6 ./Core/Src/stm32f1xx_it.o
                0x00000000080014c0                MemManage_Handler
 .text.BusFault_Handler
                0x00000000080014c6        0x6 ./Core/Src/stm32f1xx_it.o
                0x00000000080014c6                BusFault_Handler
 .text.UsageFault_Handler
                0x00000000080014cc        0x6 ./Core/Src/stm32f1xx_it.o
                0x00000000080014cc                UsageFault_Handler
 .text.SVC_Handler
                0x00000000080014d2        0xc ./Core/Src/stm32f1xx_it.o
                0x00000000080014d2                SVC_Handler
 .text.DebugMon_Handler
                0x00000000080014de        0xc ./Core/Src/stm32f1xx_it.o
                0x00000000080014de                DebugMon_Handler
 .text.PendSV_Handler
                0x00000000080014ea        0xc ./Core/Src/stm32f1xx_it.o
                0x00000000080014ea                PendSV_Handler
 .text.SysTick_Handler
                0x00000000080014f6        0xc ./Core/Src/stm32f1xx_it.o
                0x00000000080014f6                SysTick_Handler
 *fill*         0x0000000008001502        0x2 
 .text.TIM2_IRQHandler
                0x0000000008001504       0x14 ./Core/Src/stm32f1xx_it.o
                0x0000000008001504                TIM2_IRQHandler
 .text._sbrk    0x0000000008001518       0x6c ./Core/Src/sysmem.o
                0x0000000008001518                _sbrk
 .text.SystemInit
                0x0000000008001584        0xc ./Core/Src/system_stm32f1xx.o
                0x0000000008001584                SystemInit
 .text.Reset_Handler
                0x0000000008001590       0x48 ./Core/Startup/startup_stm32f103c8tx.o
                0x0000000008001590                Reset_Handler
 .text.Default_Handler
                0x00000000080015d8        0x2 ./Core/Startup/startup_stm32f103c8tx.o
                0x00000000080015d8                RTC_Alarm_IRQHandler
                0x00000000080015d8                EXTI2_IRQHandler
                0x00000000080015d8                TIM1_CC_IRQHandler
                0x00000000080015d8                PVD_IRQHandler
                0x00000000080015d8                EXTI3_IRQHandler
                0x00000000080015d8                EXTI0_IRQHandler
                0x00000000080015d8                I2C2_EV_IRQHandler
                0x00000000080015d8                ADC1_2_IRQHandler
                0x00000000080015d8                SPI1_IRQHandler
                0x00000000080015d8                TAMPER_IRQHandler
                0x00000000080015d8                DMA1_Channel4_IRQHandler
                0x00000000080015d8                USART3_IRQHandler
                0x00000000080015d8                RTC_IRQHandler
                0x00000000080015d8                DMA1_Channel7_IRQHandler
                0x00000000080015d8                CAN1_RX1_IRQHandler
                0x00000000080015d8                TIM4_IRQHandler
                0x00000000080015d8                I2C1_EV_IRQHandler
                0x00000000080015d8                DMA1_Channel6_IRQHandler
                0x00000000080015d8                TIM3_IRQHandler
                0x00000000080015d8                RCC_IRQHandler
                0x00000000080015d8                TIM1_TRG_COM_IRQHandler
                0x00000000080015d8                DMA1_Channel1_IRQHandler
                0x00000000080015d8                Default_Handler
                0x00000000080015d8                EXTI15_10_IRQHandler
                0x00000000080015d8                EXTI9_5_IRQHandler
                0x00000000080015d8                SPI2_IRQHandler
                0x00000000080015d8                DMA1_Channel5_IRQHandler
                0x00000000080015d8                EXTI4_IRQHandler
                0x00000000080015d8                USB_LP_CAN1_RX0_IRQHandler
                0x00000000080015d8                USB_HP_CAN1_TX_IRQHandler
                0x00000000080015d8                DMA1_Channel3_IRQHandler
                0x00000000080015d8                TIM1_UP_IRQHandler
                0x00000000080015d8                WWDG_IRQHandler
                0x00000000080015d8                TIM1_BRK_IRQHandler
                0x00000000080015d8                EXTI1_IRQHandler
                0x00000000080015d8                USART2_IRQHandler
                0x00000000080015d8                I2C2_ER_IRQHandler
                0x00000000080015d8                DMA1_Channel2_IRQHandler
                0x00000000080015d8                CAN1_SCE_IRQHandler
                0x00000000080015d8                FLASH_IRQHandler
                0x00000000080015d8                USART1_IRQHandler
                0x00000000080015d8                I2C1_ER_IRQHandler
                0x00000000080015d8                USBWakeUp_IRQHandler
 *fill*         0x00000000080015da        0x2 
 .text.HAL_Init
                0x00000000080015dc       0x2c ./Drivers/STM32F1xx_HAL_Driver/Src/stm32f1xx_hal.o
                0x00000000080015dc                HAL_Init
 .text.HAL_InitTick
                0x0000000008001608       0x60 ./Drivers/STM32F1xx_HAL_Driver/Src/stm32f1xx_hal.o
                0x0000000008001608                HAL_InitTick
 .text.HAL_IncTick
                0x0000000008001668       0x24 ./Drivers/STM32F1xx_HAL_Driver/Src/stm32f1xx_hal.o
                0x0000000008001668                HAL_IncTick
 .text.HAL_GetTick
                0x000000000800168c       0x14 ./Drivers/STM32F1xx_HAL_Driver/Src/stm32f1xx_hal.o
                0x000000000800168c                HAL_GetTick
 .text.HAL_Delay
                0x00000000080016a0       0x48 ./Drivers/STM32F1xx_HAL_Driver/Src/stm32f1xx_hal.o
                0x00000000080016a0                HAL_Delay
 .text.__NVIC_SetPriorityGrouping
                0x00000000080016e8       0x48 ./Drivers/STM32F1xx_HAL_Driver/Src/stm32f1xx_hal_cortex.o
 .text.__NVIC_GetPriorityGrouping
                0x0000000008001730       0x1c ./Drivers/STM32F1xx_HAL_Driver/Src/stm32f1xx_hal_cortex.o
 .text.__NVIC_EnableIRQ
                0x000000000800174c       0x38 ./Drivers/STM32F1xx_HAL_Driver/Src/stm32f1xx_hal_cortex.o
 .text.__NVIC_SetPriority
                0x0000000008001784       0x54 ./Drivers/STM32F1xx_HAL_Driver/Src/stm32f1xx_hal_cortex.o
 .text.NVIC_EncodePriority
                0x00000000080017d8       0x64 ./Drivers/STM32F1xx_HAL_Driver/Src/stm32f1xx_hal_cortex.o
 .text.SysTick_Config
                0x000000000800183c       0x44 ./Drivers/STM32F1xx_HAL_Driver/Src/stm32f1xx_hal_cortex.o
 .text.HAL_NVIC_SetPriorityGrouping
                0x0000000008001880       0x16 ./Drivers/STM32F1xx_HAL_Driver/Src/stm32f1xx_hal_cortex.o
                0x0000000008001880                HAL_NVIC_SetPriorityGrouping
 .text.HAL_NVIC_SetPriority
                0x0000000008001896       0x38 ./Drivers/STM32F1xx_HAL_Driver/Src/stm32f1xx_hal_cortex.o
                0x0000000008001896                HAL_NVIC_SetPriority
 .text.HAL_NVIC_EnableIRQ
                0x00000000080018ce       0x1c ./Drivers/STM32F1xx_HAL_Driver/Src/stm32f1xx_hal_cortex.o
                0x00000000080018ce                HAL_NVIC_EnableIRQ
 .text.HAL_SYSTICK_Config
                0x00000000080018ea       0x18 ./Drivers/STM32F1xx_HAL_Driver/Src/stm32f1xx_hal_cortex.o
                0x00000000080018ea                HAL_SYSTICK_Config
 *fill*         0x0000000008001902        0x2 
 .text.HAL_GPIO_Init
                0x0000000008001904      0x308 ./Drivers/STM32F1xx_HAL_Driver/Src/stm32f1xx_hal_gpio.o
                0x0000000008001904                HAL_GPIO_Init
 .text.HAL_GPIO_ReadPin
                0x0000000008001c0c       0x2e ./Drivers/STM32F1xx_HAL_Driver/Src/stm32f1xx_hal_gpio.o
                0x0000000008001c0c                HAL_GPIO_ReadPin
 .text.HAL_GPIO_WritePin
                0x0000000008001c3a       0x30 ./Drivers/STM32F1xx_HAL_Driver/Src/stm32f1xx_hal_gpio.o
                0x0000000008001c3a                HAL_GPIO_WritePin
 .text.HAL_GPIO_TogglePin
                0x0000000008001c6a       0x32 ./Drivers/STM32F1xx_HAL_Driver/Src/stm32f1xx_hal_gpio.o
                0x0000000008001c6a                HAL_GPIO_TogglePin
 .text.HAL_I2C_Init
                0x0000000008001c9c      0x288 ./Drivers/STM32F1xx_HAL_Driver/Src/stm32f1xx_hal_i2c.o
                0x0000000008001c9c                HAL_I2C_Init
 .text.HAL_I2C_Master_Transmit
                0x0000000008001f24      0x1fc ./Drivers/STM32F1xx_HAL_Driver/Src/stm32f1xx_hal_i2c.o
                0x0000000008001f24                HAL_I2C_Master_Transmit
 .text.HAL_I2C_IsDeviceReady
                0x0000000008002120      0x25c ./Drivers/STM32F1xx_HAL_Driver/Src/stm32f1xx_hal_i2c.o
                0x0000000008002120                HAL_I2C_IsDeviceReady
 .text.I2C_MasterRequestWrite
                0x000000000800237c      0x104 ./Drivers/STM32F1xx_HAL_Driver/Src/stm32f1xx_hal_i2c.o
 .text.I2C_WaitOnFlagUntilTimeout
                0x0000000008002480       0xf4 ./Drivers/STM32F1xx_HAL_Driver/Src/stm32f1xx_hal_i2c.o
 .text.I2C_WaitOnMasterAddressFlagUntilTimeout
                0x0000000008002574      0x140 ./Drivers/STM32F1xx_HAL_Driver/Src/stm32f1xx_hal_i2c.o
 .text.I2C_WaitOnTXEFlagUntilTimeout
                0x00000000080026b4       0x90 ./Drivers/STM32F1xx_HAL_Driver/Src/stm32f1xx_hal_i2c.o
 .text.I2C_WaitOnBTFFlagUntilTimeout
                0x0000000008002744       0x90 ./Drivers/STM32F1xx_HAL_Driver/Src/stm32f1xx_hal_i2c.o
 .text.I2C_IsAcknowledgeFailed
                0x00000000080027d4       0x5c ./Drivers/STM32F1xx_HAL_Driver/Src/stm32f1xx_hal_i2c.o
 .text.HAL_RCC_OscConfig
                0x0000000008002830      0x500 ./Drivers/STM32F1xx_HAL_Driver/Src/stm32f1xx_hal_rcc.o
                0x0000000008002830                HAL_RCC_OscConfig
 .text.HAL_RCC_ClockConfig
                0x0000000008002d30      0x1d4 ./Drivers/STM32F1xx_HAL_Driver/Src/stm32f1xx_hal_rcc.o
                0x0000000008002d30                HAL_RCC_ClockConfig
 .text.HAL_RCC_GetSysClockFreq
                0x0000000008002f04       0xa8 ./Drivers/STM32F1xx_HAL_Driver/Src/stm32f1xx_hal_rcc.o
                0x0000000008002f04                HAL_RCC_GetSysClockFreq
 .text.HAL_RCC_GetHCLKFreq
                0x0000000008002fac       0x14 ./Drivers/STM32F1xx_HAL_Driver/Src/stm32f1xx_hal_rcc.o
                0x0000000008002fac                HAL_RCC_GetHCLKFreq
 .text.HAL_RCC_GetPCLK1Freq
                0x0000000008002fc0       0x28 ./Drivers/STM32F1xx_HAL_Driver/Src/stm32f1xx_hal_rcc.o
                0x0000000008002fc0                HAL_RCC_GetPCLK1Freq
 .text.RCC_Delay
                0x0000000008002fe8       0x3c ./Drivers/STM32F1xx_HAL_Driver/Src/stm32f1xx_hal_rcc.o
 .text.HAL_TIM_Base_Init
                0x0000000008003024       0x9e ./Drivers/STM32F1xx_HAL_Driver/Src/stm32f1xx_hal_tim.o
                0x0000000008003024                HAL_TIM_Base_Init
 *fill*         0x00000000080030c2        0x2 
 .text.HAL_TIM_Base_Start_IT
                0x00000000080030c4       0xa4 ./Drivers/STM32F1xx_HAL_Driver/Src/stm32f1xx_hal_tim.o
                0x00000000080030c4                HAL_TIM_Base_Start_IT
 .text.HAL_TIM_IRQHandler
                0x0000000008003168      0x1e0 ./Drivers/STM32F1xx_HAL_Driver/Src/stm32f1xx_hal_tim.o
                0x0000000008003168                HAL_TIM_IRQHandler
 .text.HAL_TIM_ConfigClockSource
                0x0000000008003348      0x18e ./Drivers/STM32F1xx_HAL_Driver/Src/stm32f1xx_hal_tim.o
                0x0000000008003348                HAL_TIM_ConfigClockSource
 .text.HAL_TIM_OC_DelayElapsedCallback
                0x00000000080034d6       0x12 ./Drivers/STM32F1xx_HAL_Driver/Src/stm32f1xx_hal_tim.o
                0x00000000080034d6                HAL_TIM_OC_DelayElapsedCallback
 .text.HAL_TIM_IC_CaptureCallback
                0x00000000080034e8       0x12 ./Drivers/STM32F1xx_HAL_Driver/Src/stm32f1xx_hal_tim.o
                0x00000000080034e8                HAL_TIM_IC_CaptureCallback
 .text.HAL_TIM_PWM_PulseFinishedCallback
                0x00000000080034fa       0x12 ./Drivers/STM32F1xx_HAL_Driver/Src/stm32f1xx_hal_tim.o
                0x00000000080034fa                HAL_TIM_PWM_PulseFinishedCallback
 .text.HAL_TIM_TriggerCallback
                0x000000000800350c       0x12 ./Drivers/STM32F1xx_HAL_Driver/Src/stm32f1xx_hal_tim.o
                0x000000000800350c                HAL_TIM_TriggerCallback
 *fill*         0x000000000800351e        0x2 
 .text.TIM_Base_SetConfig
                0x0000000008003520       0xdc ./Drivers/STM32F1xx_HAL_Driver/Src/stm32f1xx_hal_tim.o
                0x0000000008003520                TIM_Base_SetConfig
 .text.TIM_TI1_ConfigInputStage
                0x00000000080035fc       0x5c ./Drivers/STM32F1xx_HAL_Driver/Src/stm32f1xx_hal_tim.o
 .text.TIM_TI2_ConfigInputStage
                0x0000000008003658       0x5e ./Drivers/STM32F1xx_HAL_Driver/Src/stm32f1xx_hal_tim.o
 .text.TIM_ITRx_SetConfig
                0x00000000080036b6       0x34 ./Drivers/STM32F1xx_HAL_Driver/Src/stm32f1xx_hal_tim.o
 .text.TIM_ETR_SetConfig
                0x00000000080036ea       0x3e ./Drivers/STM32F1xx_HAL_Driver/Src/stm32f1xx_hal_tim.o
                0x00000000080036ea                TIM_ETR_SetConfig
 .text.HAL_TIMEx_MasterConfigSynchronization
                0x0000000008003728       0xbc ./Drivers/STM32F1xx_HAL_Driver/Src/stm32f1xx_hal_tim_ex.o
                0x0000000008003728                HAL_TIMEx_MasterConfigSynchronization
 .text.HAL_TIMEx_CommutCallback
                0x00000000080037e4       0x12 ./Drivers/STM32F1xx_HAL_Driver/Src/stm32f1xx_hal_tim_ex.o
                0x00000000080037e4                HAL_TIMEx_CommutCallback
 .text.HAL_TIMEx_BreakCallback
                0x00000000080037f6       0x12 ./Drivers/STM32F1xx_HAL_Driver/Src/stm32f1xx_hal_tim_ex.o
                0x00000000080037f6                HAL_TIMEx_BreakCallback
 .text.__errno  0x0000000008003808        0xc c:/st/stm32cubeide_1.7.0/stm32cubeide/plugins/com.st.stm32cube.ide.mcu.externaltools.gnu-tools-for-stm32.9-2020-q2-update.win32_2.0.0.202105311346/tools/bin/../lib/gcc/arm-none-eabi/9.3.1/../../../../arm-none-eabi/lib/thumb/v7-m/nofp\libc_nano.a(lib_a-errno.o)
                0x0000000008003808                __errno
 .text.__libc_init_array
                0x0000000008003814       0x48 c:/st/stm32cubeide_1.7.0/stm32cubeide/plugins/com.st.stm32cube.ide.mcu.externaltools.gnu-tools-for-stm32.9-2020-q2-update.win32_2.0.0.202105311346/tools/bin/../lib/gcc/arm-none-eabi/9.3.1/../../../../arm-none-eabi/lib/thumb/v7-m/nofp\libc_nano.a(lib_a-init.o)
                0x0000000008003814                __libc_init_array
 .text.memset   0x000000000800385c       0x10 c:/st/stm32cubeide_1.7.0/stm32cubeide/plugins/com.st.stm32cube.ide.mcu.externaltools.gnu-tools-for-stm32.9-2020-q2-update.win32_2.0.0.202105311346/tools/bin/../lib/gcc/arm-none-eabi/9.3.1/../../../../arm-none-eabi/lib/thumb/v7-m/nofp\libc_nano.a(lib_a-memset.o)
                0x000000000800385c                memset
 .text.sprintf  0x000000000800386c       0x40 c:/st/stm32cubeide_1.7.0/stm32cubeide/plugins/com.st.stm32cube.ide.mcu.externaltools.gnu-tools-for-stm32.9-2020-q2-update.win32_2.0.0.202105311346/tools/bin/../lib/gcc/arm-none-eabi/9.3.1/../../../../arm-none-eabi/lib/thumb/v7-m/nofp\libc_nano.a(lib_a-sprintf.o)
                0x000000000800386c                siprintf
                0x000000000800386c                sprintf
 .text.__ssputs_r
                0x00000000080038ac       0xb6 c:/st/stm32cubeide_1.7.0/stm32cubeide/plugins/com.st.stm32cube.ide.mcu.externaltools.gnu-tools-for-stm32.9-2020-q2-update.win32_2.0.0.202105311346/tools/bin/../lib/gcc/arm-none-eabi/9.3.1/../../../../arm-none-eabi/lib/thumb/v7-m/nofp\libc_nano.a(lib_a-nano-svfprintf.o)
                0x00000000080038ac                __ssputs_r
 *fill*         0x0000000008003962        0x2 
 .text._svfprintf_r
                0x0000000008003964      0x200 c:/st/stm32cubeide_1.7.0/stm32cubeide/plugins/com.st.stm32cube.ide.mcu.externaltools.gnu-tools-for-stm32.9-2020-q2-update.win32_2.0.0.202105311346/tools/bin/../lib/gcc/arm-none-eabi/9.3.1/../../../../arm-none-eabi/lib/thumb/v7-m/nofp\libc_nano.a(lib_a-nano-svfprintf.o)
                0x0000000008003964                _svfiprintf_r
                0x0000000008003964                _svfprintf_r
 .text._printf_common
                0x0000000008003b64       0xde c:/st/stm32cubeide_1.7.0/stm32cubeide/plugins/com.st.stm32cube.ide.mcu.externaltools.gnu-tools-for-stm32.9-2020-q2-update.win32_2.0.0.202105311346/tools/bin/../lib/gcc/arm-none-eabi/9.3.1/../../../../arm-none-eabi/lib/thumb/v7-m/nofp\libc_nano.a(lib_a-nano-vfprintf_i.o)
                0x0000000008003b64                _printf_common
 *fill*         0x0000000008003c42        0x2 
 .text._printf_i
                0x0000000008003c44      0x24c c:/st/stm32cubeide_1.7.0/stm32cubeide/plugins/com.st.stm32cube.ide.mcu.externaltools.gnu-tools-for-stm32.9-2020-q2-update.win32_2.0.0.202105311346/tools/bin/../lib/gcc/arm-none-eabi/9.3.1/../../../../arm-none-eabi/lib/thumb/v7-m/nofp\libc_nano.a(lib_a-nano-vfprintf_i.o)
                0x0000000008003c44                _printf_i
 .text.memchr   0x0000000008003e90       0x1c c:/st/stm32cubeide_1.7.0/stm32cubeide/plugins/com.st.stm32cube.ide.mcu.externaltools.gnu-tools-for-stm32.9-2020-q2-update.win32_2.0.0.202105311346/tools/bin/../lib/gcc/arm-none-eabi/9.3.1/../../../../arm-none-eabi/lib/thumb/v7-m/nofp\libc_nano.a(lib_a-memchr-stub.o)
                0x0000000008003e90                memchr
 .text.memcpy   0x0000000008003eac       0x1c c:/st/stm32cubeide_1.7.0/stm32cubeide/plugins/com.st.stm32cube.ide.mcu.externaltools.gnu-tools-for-stm32.9-2020-q2-update.win32_2.0.0.202105311346/tools/bin/../lib/gcc/arm-none-eabi/9.3.1/../../../../arm-none-eabi/lib/thumb/v7-m/nofp\libc_nano.a(lib_a-memcpy-stub.o)
                0x0000000008003eac                memcpy
 .text.memmove  0x0000000008003ec8       0x34 c:/st/stm32cubeide_1.7.0/stm32cubeide/plugins/com.st.stm32cube.ide.mcu.externaltools.gnu-tools-for-stm32.9-2020-q2-update.win32_2.0.0.202105311346/tools/bin/../lib/gcc/arm-none-eabi/9.3.1/../../../../arm-none-eabi/lib/thumb/v7-m/nofp\libc_nano.a(lib_a-memmove.o)
                0x0000000008003ec8                memmove
 .text._free_r  0x0000000008003efc       0x98 c:/st/stm32cubeide_1.7.0/stm32cubeide/plugins/com.st.stm32cube.ide.mcu.externaltools.gnu-tools-for-stm32.9-2020-q2-update.win32_2.0.0.202105311346/tools/bin/../lib/gcc/arm-none-eabi/9.3.1/../../../../arm-none-eabi/lib/thumb/v7-m/nofp\libc_nano.a(lib_a-nano-freer.o)
                0x0000000008003efc                _free_r
 .text._malloc_r
                0x0000000008003f94       0xb4 c:/st/stm32cubeide_1.7.0/stm32cubeide/plugins/com.st.stm32cube.ide.mcu.externaltools.gnu-tools-for-stm32.9-2020-q2-update.win32_2.0.0.202105311346/tools/bin/../lib/gcc/arm-none-eabi/9.3.1/../../../../arm-none-eabi/lib/thumb/v7-m/nofp\libc_nano.a(lib_a-nano-mallocr.o)
                0x0000000008003f94                _malloc_r
 .text._realloc_r
                0x0000000008004048       0x4c c:/st/stm32cubeide_1.7.0/stm32cubeide/plugins/com.st.stm32cube.ide.mcu.externaltools.gnu-tools-for-stm32.9-2020-q2-update.win32_2.0.0.202105311346/tools/bin/../lib/gcc/arm-none-eabi/9.3.1/../../../../arm-none-eabi/lib/thumb/v7-m/nofp\libc_nano.a(lib_a-nano-reallocr.o)
                0x0000000008004048                _realloc_r
 .text._sbrk_r  0x0000000008004094       0x20 c:/st/stm32cubeide_1.7.0/stm32cubeide/plugins/com.st.stm32cube.ide.mcu.externaltools.gnu-tools-for-stm32.9-2020-q2-update.win32_2.0.0.202105311346/tools/bin/../lib/gcc/arm-none-eabi/9.3.1/../../../../arm-none-eabi/lib/thumb/v7-m/nofp\libc_nano.a(lib_a-sbrkr.o)
                0x0000000008004094                _sbrk_r
 .text.__malloc_lock
                0x00000000080040b4        0xc c:/st/stm32cubeide_1.7.0/stm32cubeide/plugins/com.st.stm32cube.ide.mcu.externaltools.gnu-tools-for-stm32.9-2020-q2-update.win32_2.0.0.202105311346/tools/bin/../lib/gcc/arm-none-eabi/9.3.1/../../../../arm-none-eabi/lib/thumb/v7-m/nofp\libc_nano.a(lib_a-mlock.o)
                0x00000000080040b4                __malloc_lock
 .text.__malloc_unlock
                0x00000000080040c0        0xc c:/st/stm32cubeide_1.7.0/stm32cubeide/plugins/com.st.stm32cube.ide.mcu.externaltools.gnu-tools-for-stm32.9-2020-q2-update.win32_2.0.0.202105311346/tools/bin/../lib/gcc/arm-none-eabi/9.3.1/../../../../arm-none-eabi/lib/thumb/v7-m/nofp\libc_nano.a(lib_a-mlock.o)
                0x00000000080040c0                __malloc_unlock
 .text._malloc_usable_size_r
                0x00000000080040cc       0x10 c:/st/stm32cubeide_1.7.0/stm32cubeide/plugins/com.st.stm32cube.ide.mcu.externaltools.gnu-tools-for-stm32.9-2020-q2-update.win32_2.0.0.202105311346/tools/bin/../lib/gcc/arm-none-eabi/9.3.1/../../../../arm-none-eabi/lib/thumb/v7-m/nofp\libc_nano.a(lib_a-nano-msizer.o)
                0x00000000080040cc                _malloc_usable_size_r
 .text.__retarget_lock_acquire_recursive
                0x00000000080040dc        0x2 c:/st/stm32cubeide_1.7.0/stm32cubeide/plugins/com.st.stm32cube.ide.mcu.externaltools.gnu-tools-for-stm32.9-2020-q2-update.win32_2.0.0.202105311346/tools/bin/../lib/gcc/arm-none-eabi/9.3.1/../../../../arm-none-eabi/lib/thumb/v7-m/nofp\libc_nano.a(lib_a-lock.o)
                0x00000000080040dc                __retarget_lock_acquire_recursive
 .text.__retarget_lock_release_recursive
                0x00000000080040de        0x2 c:/st/stm32cubeide_1.7.0/stm32cubeide/plugins/com.st.stm32cube.ide.mcu.externaltools.gnu-tools-for-stm32.9-2020-q2-update.win32_2.0.0.202105311346/tools/bin/../lib/gcc/arm-none-eabi/9.3.1/../../../../arm-none-eabi/lib/thumb/v7-m/nofp\libc_nano.a(lib_a-lock.o)
                0x00000000080040de                __retarget_lock_release_recursive
 *(.glue_7)
 .glue_7        0x00000000080040e0        0x0 linker stubs
 *(.glue_7t)
 .glue_7t       0x00000000080040e0        0x0 linker stubs
 *(.eh_frame)
 .eh_frame      0x00000000080040e0        0x0 c:/st/stm32cubeide_1.7.0/stm32cubeide/plugins/com.st.stm32cube.ide.mcu.externaltools.gnu-tools-for-stm32.9-2020-q2-update.win32_2.0.0.202105311346/tools/bin/../lib/gcc/arm-none-eabi/9.3.1/thumb/v7-m/nofp/crtbegin.o
 *(.init)
 .init          0x00000000080040e0        0x4 c:/st/stm32cubeide_1.7.0/stm32cubeide/plugins/com.st.stm32cube.ide.mcu.externaltools.gnu-tools-for-stm32.9-2020-q2-update.win32_2.0.0.202105311346/tools/bin/../lib/gcc/arm-none-eabi/9.3.1/thumb/v7-m/nofp/crti.o
                0x00000000080040e0                _init
 .init          0x00000000080040e4        0x8 c:/st/stm32cubeide_1.7.0/stm32cubeide/plugins/com.st.stm32cube.ide.mcu.externaltools.gnu-tools-for-stm32.9-2020-q2-update.win32_2.0.0.202105311346/tools/bin/../lib/gcc/arm-none-eabi/9.3.1/thumb/v7-m/nofp/crtn.o
 *(.fini)
 .fini          0x00000000080040ec        0x4 c:/st/stm32cubeide_1.7.0/stm32cubeide/plugins/com.st.stm32cube.ide.mcu.externaltools.gnu-tools-for-stm32.9-2020-q2-update.win32_2.0.0.202105311346/tools/bin/../lib/gcc/arm-none-eabi/9.3.1/thumb/v7-m/nofp/crti.o
                0x00000000080040ec                _fini
 .fini          0x00000000080040f0        0x8 c:/st/stm32cubeide_1.7.0/stm32cubeide/plugins/com.st.stm32cube.ide.mcu.externaltools.gnu-tools-for-stm32.9-2020-q2-update.win32_2.0.0.202105311346/tools/bin/../lib/gcc/arm-none-eabi/9.3.1/thumb/v7-m/nofp/crtn.o
                0x00000000080040f8                . = ALIGN (0x4)
                0x00000000080040f8                _etext = .

.vfp11_veneer   0x00000000080040f8        0x0
 .vfp11_veneer  0x00000000080040f8        0x0 linker stubs

.v4_bx          0x00000000080040f8        0x0
 .v4_bx         0x00000000080040f8        0x0 linker stubs

.iplt           0x00000000080040f8        0x0
 .iplt          0x00000000080040f8        0x0 c:/st/stm32cubeide_1.7.0/stm32cubeide/plugins/com.st.stm32cube.ide.mcu.externaltools.gnu-tools-for-stm32.9-2020-q2-update.win32_2.0.0.202105311346/tools/bin/../lib/gcc/arm-none-eabi/9.3.1/thumb/v7-m/nofp/crtbegin.o

.rodata         0x00000000080040f8      0x194
                0x00000000080040f8                . = ALIGN (0x4)
 *(.rodata)
 .rodata        0x00000000080040f8       0x43 ./Core/Src/main.o
 *fill*         0x000000000800413b        0x1 
 .rodata        0x000000000800413c       0xf0 ./Core/Src/password.o
 *(.rodata*)
 .rodata.AHBPrescTable
                0x000000000800422c       0x10 ./Core/Src/system_stm32f1xx.o
                0x000000000800422c                AHBPrescTable
 .rodata.APBPrescTable
                0x000000000800423c        0x8 ./Core/Src/system_stm32f1xx.o
                0x000000000800423c                APBPrescTable
 .rodata.aPLLMULFactorTable.6283
                0x0000000008004244       0x10 ./Drivers/STM32F1xx_HAL_Driver/Src/stm32f1xx_hal_rcc.o
 .rodata.aPredivFactorTable.6284
                0x0000000008004254        0x2 ./Drivers/STM32F1xx_HAL_Driver/Src/stm32f1xx_hal_rcc.o
 .rodata._svfprintf_r.str1.1
                0x0000000008004256       0x11 c:/st/stm32cubeide_1.7.0/stm32cubeide/plugins/com.st.stm32cube.ide.mcu.externaltools.gnu-tools-for-stm32.9-2020-q2-update.win32_2.0.0.202105311346/tools/bin/../lib/gcc/arm-none-eabi/9.3.1/../../../../arm-none-eabi/lib/thumb/v7-m/nofp\libc_nano.a(lib_a-nano-svfprintf.o)
 .rodata._printf_i.str1.1
                0x0000000008004267       0x22 c:/st/stm32cubeide_1.7.0/stm32cubeide/plugins/com.st.stm32cube.ide.mcu.externaltools.gnu-tools-for-stm32.9-2020-q2-update.win32_2.0.0.202105311346/tools/bin/../lib/gcc/arm-none-eabi/9.3.1/../../../../arm-none-eabi/lib/thumb/v7-m/nofp\libc_nano.a(lib_a-nano-vfprintf_i.o)
                0x000000000800428c                . = ALIGN (0x4)
 *fill*         0x0000000008004289        0x3 

.rel.dyn        0x000000000800428c        0x0
 .rel.iplt      0x000000000800428c        0x0 c:/st/stm32cubeide_1.7.0/stm32cubeide/plugins/com.st.stm32cube.ide.mcu.externaltools.gnu-tools-for-stm32.9-2020-q2-update.win32_2.0.0.202105311346/tools/bin/../lib/gcc/arm-none-eabi/9.3.1/thumb/v7-m/nofp/crtbegin.o

.ARM.extab      0x000000000800428c        0x0
                0x000000000800428c                . = ALIGN (0x4)
 *(.ARM.extab* .gnu.linkonce.armextab.*)
                0x000000000800428c                . = ALIGN (0x4)

.ARM            0x000000000800428c        0x0
                0x000000000800428c                . = ALIGN (0x4)
                0x000000000800428c                __exidx_start = .
 *(.ARM.exidx*)
                0x000000000800428c                __exidx_end = .
                0x000000000800428c                . = ALIGN (0x4)

.preinit_array  0x000000000800428c        0x0
                0x000000000800428c                . = ALIGN (0x4)
                0x000000000800428c                PROVIDE (__preinit_array_start = .)
 *(.preinit_array*)
                0x000000000800428c                PROVIDE (__preinit_array_end = .)
                0x000000000800428c                . = ALIGN (0x4)

.init_array     0x000000000800428c        0x4
                0x000000000800428c                . = ALIGN (0x4)
                0x000000000800428c                PROVIDE (__init_array_start = .)
 *(SORT_BY_NAME(.init_array.*))
 *(.init_array*)
 .init_array    0x000000000800428c        0x4 c:/st/stm32cubeide_1.7.0/stm32cubeide/plugins/com.st.stm32cube.ide.mcu.externaltools.gnu-tools-for-stm32.9-2020-q2-update.win32_2.0.0.202105311346/tools/bin/../lib/gcc/arm-none-eabi/9.3.1/thumb/v7-m/nofp/crtbegin.o
                0x0000000008004290                PROVIDE (__init_array_end = .)
                0x0000000008004290                . = ALIGN (0x4)

.fini_array     0x0000000008004290        0x4
                0x0000000008004290                . = ALIGN (0x4)
                [!provide]                        PROVIDE (__fini_array_start = .)
 *(SORT_BY_NAME(.fini_array.*))
 *(.fini_array*)
 .fini_array    0x0000000008004290        0x4 c:/st/stm32cubeide_1.7.0/stm32cubeide/plugins/com.st.stm32cube.ide.mcu.externaltools.gnu-tools-for-stm32.9-2020-q2-update.win32_2.0.0.202105311346/tools/bin/../lib/gcc/arm-none-eabi/9.3.1/thumb/v7-m/nofp/crtbegin.o
                [!provide]                        PROVIDE (__fini_array_end = .)
                0x0000000008004294                . = ALIGN (0x4)
                0x0000000008004294                _sidata = LOADADDR (.data)

.data           0x0000000020000000       0x84 load address 0x0000000008004294
                0x0000000020000000                . = ALIGN (0x4)
                0x0000000020000000                _sdata = .
 *(.data)
 *(.data*)
 .data.BUTTON_PORT
                0x0000000020000000        0x4 ./Core/Src/button.o
                0x0000000020000000                BUTTON_PORT
 .data.BUTTON_PIN
                0x0000000020000004        0x6 ./Core/Src/button.o
                0x0000000020000004                BUTTON_PIN
 .data.g_lcd_backlight_state
                0x000000002000000a        0x1 ./Core/Src/lcd_i2c.o
 .data.g_lcd_i2c_addr
                0x000000002000000b        0x1 ./Core/Src/lcd_i2c.o
 .data.current_pw
                0x000000002000000c        0x4 ./Core/Src/password.o
 .data.current_lock_time_ms
                0x0000000020000010        0x4 ./Core/Src/password.o
 .data.SystemCoreClock
                0x0000000020000014        0x4 ./Core/Src/system_stm32f1xx.o
                0x0000000020000014                SystemCoreClock
 .data.uwTickPrio
                0x0000000020000018        0x4 ./Drivers/STM32F1xx_HAL_Driver/Src/stm32f1xx_hal.o
                0x0000000020000018                uwTickPrio
 .data.uwTickFreq
                0x000000002000001c        0x1 ./Drivers/STM32F1xx_HAL_Driver/Src/stm32f1xx_hal.o
                0x000000002000001c                uwTickFreq
 *fill*         0x000000002000001d        0x3 
 .data._impure_ptr
                0x0000000020000020        0x4 c:/st/stm32cubeide_1.7.0/stm32cubeide/plugins/com.st.stm32cube.ide.mcu.externaltools.gnu-tools-for-stm32.9-2020-q2-update.win32_2.0.0.202105311346/tools/bin/../lib/gcc/arm-none-eabi/9.3.1/../../../../arm-none-eabi/lib/thumb/v7-m/nofp\libc_nano.a(lib_a-impure.o)
                0x0000000020000020                _impure_ptr
 .data.impure_data
                0x0000000020000024       0x60 c:/st/stm32cubeide_1.7.0/stm32cubeide/plugins/com.st.stm32cube.ide.mcu.externaltools.gnu-tools-for-stm32.9-2020-q2-update.win32_2.0.0.202105311346/tools/bin/../lib/gcc/arm-none-eabi/9.3.1/../../../../arm-none-eabi/lib/thumb/v7-m/nofp\libc_nano.a(lib_a-impure.o)
 *(.RamFunc)
 *(.RamFunc*)
                0x0000000020000084                . = ALIGN (0x4)
                0x0000000020000084                _edata = .

.igot.plt       0x0000000020000084        0x0 load address 0x0000000008004318
 .igot.plt      0x0000000020000084        0x0 c:/st/stm32cubeide_1.7.0/stm32cubeide/plugins/com.st.stm32cube.ide.mcu.externaltools.gnu-tools-for-stm32.9-2020-q2-update.win32_2.0.0.202105311346/tools/bin/../lib/gcc/arm-none-eabi/9.3.1/thumb/v7-m/nofp/crtbegin.o
                0x0000000020000084                . = ALIGN (0x4)

.bss            0x0000000020000084      0x15c load address 0x0000000008004318
                0x0000000020000084                _sbss = .
                0x0000000020000084                __bss_start__ = _sbss
 *(.bss)
 .bss           0x0000000020000084       0x1c c:/st/stm32cubeide_1.7.0/stm32cubeide/plugins/com.st.stm32cube.ide.mcu.externaltools.gnu-tools-for-stm32.9-2020-q2-update.win32_2.0.0.202105311346/tools/bin/../lib/gcc/arm-none-eabi/9.3.1/thumb/v7-m/nofp/crtbegin.o
 *(.bss*)
 .bss.KeyReg0   0x00000000200000a0        0xc ./Core/Src/button.o
                0x00000000200000a0                KeyReg0
 .bss.KeyReg1   0x00000000200000ac        0xc ./Core/Src/button.o
                0x00000000200000ac                KeyReg1
 .bss.KeyReg2   0x00000000200000b8        0xc ./Core/Src/button.o
                0x00000000200000b8                KeyReg2
 .bss.KeyReg3   0x00000000200000c4        0xc ./Core/Src/button.o
                0x00000000200000c4                KeyReg3
 .bss.button_flag
                0x00000000200000d0        0xc ./Core/Src/button.o
                0x00000000200000d0                button_flag
 .bss.isDoorOpen
                0x00000000200000dc        0x1 ./Core/Src/buzzer.o
 .bss.isBuzzerActive
                0x00000000200000dd        0x1 ./Core/Src/buzzer.o
 .bss.door_state
                0x00000000200000de        0x1 ./Core/Src/door.o
                0x00000000200000de                door_state
 *fill*         0x00000000200000df        0x1 
 .bss.open_timer
                0x00000000200000e0        0x4 ./Core/Src/door.o
                0x00000000200000e0                open_timer
 .bss.g_hi2c    0x00000000200000e4        0x4 ./Core/Src/lcd_i2c.o
 .bss.input_pw  0x00000000200000e8        0x4 ./Core/Src/password.o
 .bss.digits_entered
                0x00000000200000ec        0x1 ./Core/Src/password.o
 *fill*         0x00000000200000ed        0x3 
 .bss.new_pw_candidate
                0x00000000200000f0        0x4 ./Core/Src/password.o
 .bss.pw_state  0x00000000200000f4        0x1 ./Core/Src/password.o
 .bss.pw_mode   0x00000000200000f5        0x1 ./Core/Src/password.o
 .bss.wrong_attempts
                0x00000000200000f6        0x1 ./Core/Src/password.o
 *fill*         0x00000000200000f7        0x1 
 .bss.lock_until_tick
                0x00000000200000f8        0x4 ./Core/Src/password.o
 .bss.pw_correct_flag
                0x00000000200000fc        0x4 ./Core/Src/password.o
 .bss.intruder_alarm_flag
                0x0000000020000100        0x4 ./Core/Src/password.o
 .bss.keypad_was_pressed
                0x0000000020000104        0x4 ./Core/Src/password.o
 .bss.last_digit_event
                0x0000000020000108        0x1 ./Core/Src/password.o
 *fill*         0x0000000020000109        0x3 
 .bss.clear_event_pending
                0x000000002000010c        0x4 ./Core/Src/password.o
 .bss.change_mode_request
                0x0000000020000110        0x4 ./Core/Src/password.o
 .bss.timer1_counter
                0x0000000020000114        0x4 ./Core/Src/software_timer.o
                0x0000000020000114                timer1_counter
 .bss.timer1_flag
                0x0000000020000118        0x4 ./Core/Src/software_timer.o
                0x0000000020000118                timer1_flag
 .bss.timer_debounce_counter
                0x000000002000011c        0x4 ./Core/Src/software_timer.o
                0x000000002000011c                timer_debounce_counter
 .bss.timer_debounce_flag
                0x0000000020000120        0x4 ./Core/Src/software_timer.o
                0x0000000020000120                timer_debounce_flag
 .bss.__sbrk_heap_end
                0x0000000020000124        0x4 ./Core/Src/sysmem.o
 .bss.__malloc_free_list
                0x0000000020000128        0x4 c:/st/stm32cubeide_1.7.0/stm32cubeide/plugins/com.st.stm32cube.ide.mcu.externaltools.gnu-tools-for-stm32.9-2020-q2-update.win32_2.0.0.202105311346/tools/bin/../lib/gcc/arm-none-eabi/9.3.1/../../../../arm-none-eabi/lib/thumb/v7-m/nofp\libc_nano.a(lib_a-nano-mallocr.o)
                0x0000000020000128                __malloc_free_list
 .bss.__malloc_sbrk_start
                0x000000002000012c        0x4 c:/st/stm32cubeide_1.7.0/stm32cubeide/plugins/com.st.stm32cube.ide.mcu.externaltools.gnu-tools-for-stm32.9-2020-q2-update.win32_2.0.0.202105311346/tools/bin/../lib/gcc/arm-none-eabi/9.3.1/../../../../arm-none-eabi/lib/thumb/v7-m/nofp\libc_nano.a(lib_a-nano-mallocr.o)
                0x000000002000012c                __malloc_sbrk_start
 *(COMMON)
 COMMON         0x0000000020000130       0x9c ./Core/Src/main.o
                0x0000000020000130                hi2c1
                0x0000000020000184                htim2
 COMMON         0x00000000200001cc        0x4 ./Drivers/STM32F1xx_HAL_Driver/Src/stm32f1xx_hal.o
                0x00000000200001cc                uwTick
 COMMON         0x00000000200001d0        0x4 c:/st/stm32cubeide_1.7.0/stm32cubeide/plugins/com.st.stm32cube.ide.mcu.externaltools.gnu-tools-for-stm32.9-2020-q2-update.win32_2.0.0.202105311346/tools/bin/../lib/gcc/arm-none-eabi/9.3.1/../../../../arm-none-eabi/lib/thumb/v7-m/nofp\libc_nano.a(lib_a-reent.o)
                0x00000000200001d0                errno
 COMMON         0x00000000200001d4        0x9 c:/st/stm32cubeide_1.7.0/stm32cubeide/plugins/com.st.stm32cube.ide.mcu.externaltools.gnu-tools-for-stm32.9-2020-q2-update.win32_2.0.0.202105311346/tools/bin/../lib/gcc/arm-none-eabi/9.3.1/../../../../arm-none-eabi/lib/thumb/v7-m/nofp\libc_nano.a(lib_a-lock.o)
                0x00000000200001d4                __lock___atexit_recursive_mutex
                0x00000000200001d5                __lock___arc4random_mutex
                0x00000000200001d6                __lock___env_recursive_mutex
                0x00000000200001d7                __lock___sinit_recursive_mutex
                0x00000000200001d8                __lock___malloc_recursive_mutex
                0x00000000200001d9                __lock___at_quick_exit_mutex
                0x00000000200001da                __lock___dd_hash_mutex
                0x00000000200001db                __lock___tz_mutex
                0x00000000200001dc                __lock___sfp_recursive_mutex
                0x00000000200001e0                . = ALIGN (0x4)
 *fill*         0x00000000200001dd        0x3 
                0x00000000200001e0                _ebss = .
                0x00000000200001e0                __bss_end__ = _ebss

._user_heap_stack
                0x00000000200001e0      0x600 load address 0x0000000008004318
                0x00000000200001e0                . = ALIGN (0x8)
                [!provide]                        PROVIDE (end = .)
                0x00000000200001e0                PROVIDE (_end = .)
                0x00000000200003e0                . = (. + _Min_Heap_Size)
 *fill*         0x00000000200001e0      0x200 
                0x00000000200007e0                . = (. + _Min_Stack_Size)
 *fill*         0x00000000200003e0      0x400 
                0x00000000200007e0                . = ALIGN (0x8)

/DISCARD/
 libc.a(*)
 libm.a(*)
 libgcc.a(*)

.ARM.attributes
                0x0000000000000000       0x29
 *(.ARM.attributes)
 .ARM.attributes
                0x0000000000000000       0x1d c:/st/stm32cubeide_1.7.0/stm32cubeide/plugins/com.st.stm32cube.ide.mcu.externaltools.gnu-tools-for-stm32.9-2020-q2-update.win32_2.0.0.202105311346/tools/bin/../lib/gcc/arm-none-eabi/9.3.1/thumb/v7-m/nofp/crti.o
 .ARM.attributes
                0x000000000000001d       0x2d c:/st/stm32cubeide_1.7.0/stm32cubeide/plugins/com.st.stm32cube.ide.mcu.externaltools.gnu-tools-for-stm32.9-2020-q2-update.win32_2.0.0.202105311346/tools/bin/../lib/gcc/arm-none-eabi/9.3.1/thumb/v7-m/nofp/crtbegin.o
 .ARM.attributes
                0x000000000000004a       0x2d ./Core/Src/button.o
 .ARM.attributes
                0x0000000000000077       0x2d ./Core/Src/buzzer.o
 .ARM.attributes
                0x00000000000000a4       0x2d ./Core/Src/door.o
 .ARM.attributes
                0x00000000000000d1       0x2d ./Core/Src/lcd_i2c.o
 .ARM.attributes
                0x00000000000000fe       0x2d ./Core/Src/main.o
 .ARM.attributes
                0x000000000000012b       0x2d ./Core/Src/password.o
 .ARM.attributes
                0x0000000000000158       0x2d ./Core/Src/software_timer.o
 .ARM.attributes
                0x0000000000000185       0x2d ./Core/Src/stm32f1xx_hal_msp.o
 .ARM.attributes
                0x00000000000001b2       0x2d ./Core/Src/stm32f1xx_it.o
 .ARM.attributes
                0x00000000000001df       0x2d ./Core/Src/sysmem.o
 .ARM.attributes
                0x000000000000020c       0x2d ./Core/Src/system_stm32f1xx.o
 .ARM.attributes
                0x0000000000000239       0x21 ./Core/Startup/startup_stm32f103c8tx.o
 .ARM.attributes
                0x000000000000025a       0x2d ./Drivers/STM32F1xx_HAL_Driver/Src/stm32f1xx_hal.o
 .ARM.attributes
                0x0000000000000287       0x2d ./Drivers/STM32F1xx_HAL_Driver/Src/stm32f1xx_hal_cortex.o
 .ARM.attributes
                0x00000000000002b4       0x2d ./Drivers/STM32F1xx_HAL_Driver/Src/stm32f1xx_hal_gpio.o
 .ARM.attributes
                0x00000000000002e1       0x2d ./Drivers/STM32F1xx_HAL_Driver/Src/stm32f1xx_hal_i2c.o
 .ARM.attributes
                0x000000000000030e       0x2d ./Drivers/STM32F1xx_HAL_Driver/Src/stm32f1xx_hal_rcc.o
 .ARM.attributes
                0x000000000000033b       0x2d ./Drivers/STM32F1xx_HAL_Driver/Src/stm32f1xx_hal_tim.o
 .ARM.attributes
                0x0000000000000368       0x2d ./Drivers/STM32F1xx_HAL_Driver/Src/stm32f1xx_hal_tim_ex.o
 .ARM.attributes
                0x0000000000000395       0x2d c:/st/stm32cubeide_1.7.0/stm32cubeide/plugins/com.st.stm32cube.ide.mcu.externaltools.gnu-tools-for-stm32.9-2020-q2-update.win32_2.0.0.202105311346/tools/bin/../lib/gcc/arm-none-eabi/9.3.1/../../../../arm-none-eabi/lib/thumb/v7-m/nofp\libc_nano.a(lib_a-errno.o)
 .ARM.attributes
                0x00000000000003c2       0x2d c:/st/stm32cubeide_1.7.0/stm32cubeide/plugins/com.st.stm32cube.ide.mcu.externaltools.gnu-tools-for-stm32.9-2020-q2-update.win32_2.0.0.202105311346/tools/bin/../lib/gcc/arm-none-eabi/9.3.1/../../../../arm-none-eabi/lib/thumb/v7-m/nofp\libc_nano.a(lib_a-impure.o)
 .ARM.attributes
                0x00000000000003ef       0x2d c:/st/stm32cubeide_1.7.0/stm32cubeide/plugins/com.st.stm32cube.ide.mcu.externaltools.gnu-tools-for-stm32.9-2020-q2-update.win32_2.0.0.202105311346/tools/bin/../lib/gcc/arm-none-eabi/9.3.1/../../../../arm-none-eabi/lib/thumb/v7-m/nofp\libc_nano.a(lib_a-init.o)
 .ARM.attributes
                0x000000000000041c       0x2d c:/st/stm32cubeide_1.7.0/stm32cubeide/plugins/com.st.stm32cube.ide.mcu.externaltools.gnu-tools-for-stm32.9-2020-q2-update.win32_2.0.0.202105311346/tools/bin/../lib/gcc/arm-none-eabi/9.3.1/../../../../arm-none-eabi/lib/thumb/v7-m/nofp\libc_nano.a(lib_a-memset.o)
 .ARM.attributes
                0x0000000000000449       0x2d c:/st/stm32cubeide_1.7.0/stm32cubeide/plugins/com.st.stm32cube.ide.mcu.externaltools.gnu-tools-for-stm32.9-2020-q2-update.win32_2.0.0.202105311346/tools/bin/../lib/gcc/arm-none-eabi/9.3.1/../../../../arm-none-eabi/lib/thumb/v7-m/nofp\libc_nano.a(lib_a-sprintf.o)
 .ARM.attributes
                0x0000000000000476       0x2d c:/st/stm32cubeide_1.7.0/stm32cubeide/plugins/com.st.stm32cube.ide.mcu.externaltools.gnu-tools-for-stm32.9-2020-q2-update.win32_2.0.0.202105311346/tools/bin/../lib/gcc/arm-none-eabi/9.3.1/../../../../arm-none-eabi/lib/thumb/v7-m/nofp\libc_nano.a(lib_a-nano-svfprintf.o)
 .ARM.attributes
                0x00000000000004a3       0x2d c:/st/stm32cubeide_1.7.0/stm32cubeide/plugins/com.st.stm32cube.ide.mcu.externaltools.gnu-tools-for-stm32.9-2020-q2-update.win32_2.0.0.202105311346/tools/bin/../lib/gcc/arm-none-eabi/9.3.1/../../../../arm-none-eabi/lib/thumb/v7-m/nofp\libc_nano.a(lib_a-nano-vfprintf_i.o)
 .ARM.attributes
                0x00000000000004d0       0x2d c:/st/stm32cubeide_1.7.0/stm32cubeide/plugins/com.st.stm32cube.ide.mcu.externaltools.gnu-tools-for-stm32.9-2020-q2-update.win32_2.0.0.202105311346/tools/bin/../lib/gcc/arm-none-eabi/9.3.1/../../../../arm-none-eabi/lib/thumb/v7-m/nofp\libc_nano.a(lib_a-memchr-stub.o)
 .ARM.attributes
                0x00000000000004fd       0x2d c:/st/stm32cubeide_1.7.0/stm32cubeide/plugins/com.st.stm32cube.ide.mcu.externaltools.gnu-tools-for-stm32.9-2020-q2-update.win32_2.0.0.202105311346/tools/bin/../lib/gcc/arm-none-eabi/9.3.1/../../../../arm-none-eabi/lib/thumb/v7-m/nofp\libc_nano.a(lib_a-memcpy-stub.o)
 .ARM.attributes
                0x000000000000052a       0x2d c:/st/stm32cubeide_1.7.0/stm32cubeide/plugins/com.st.stm32cube.ide.mcu.externaltools.gnu-tools-for-stm32.9-2020-q2-update.win32_2.0.0.202105311346/tools/bin/../lib/gcc/arm-none-eabi/9.3.1/../../../../arm-none-eabi/lib/thumb/v7-m/nofp\libc_nano.a(lib_a-memmove.o)
 .ARM.attributes
                0x0000000000000557       0x2d c:/st/stm32cubeide_1.7.0/stm32cubeide/plugins/com.st.stm32cube.ide.mcu.externaltools.gnu-tools-for-stm32.9-2020-q2-update.win32_2.0.0.202105311346/tools/bin/../lib/gcc/arm-none-eabi/9.3.1/../../../../arm-none-eabi/lib/thumb/v7-m/nofp\libc_nano.a(lib_a-nano-freer.o)
 .ARM.attributes
                0x0000000000000584       0x2d c:/st/stm32cubeide_1.7.0/stm32cubeide/plugins/com.st.stm32cube.ide.mcu.externaltools.gnu-tools-for-stm32.9-2020-q2-update.win32_2.0.0.202105311346/tools/bin/../lib/gcc/arm-none-eabi/9.3.1/../../../../arm-none-eabi/lib/thumb/v7-m/nofp\libc_nano.a(lib_a-nano-mallocr.o)
 .ARM.attributes
                0x00000000000005b1       0x2d c:/st/stm32cubeide_1.7.0/stm32cubeide/plugins/com.st.stm32cube.ide.mcu.externaltools.gnu-tools-for-stm32.9-2020-q2-update.win32_2.0.0.202105311346/tools/bin/../lib/gcc/arm-none-eabi/9.3.1/../../../../arm-none-eabi/lib/thumb/v7-m/nofp\libc_nano.a(lib_a-nano-reallocr.o)
 .ARM.attributes
                0x00000000000005de       0x2d c:/st/stm32cubeide_1.7.0/stm32cubeide/plugins/com.st.stm32cube.ide.mcu.externaltools.gnu-tools-for-stm32.9-2020-q2-update.win32_2.0.0.202105311346/tools/bin/../lib/gcc/arm-none-eabi/9.3.1/../../../../arm-none-eabi/lib/thumb/v7-m/nofp\libc_nano.a(lib_a-sbrkr.o)
 .ARM.attributes
                0x000000000000060b       0x2d c:/st/stm32cubeide_1.7.0/stm32cubeide/plugins/com.st.stm32cube.ide.mcu.externaltools.gnu-tools-for-stm32.9-2020-q2-update.win32_2.0.0.202105311346/tools/bin/../lib/gcc/arm-none-eabi/9.3.1/../../../../arm-none-eabi/lib/thumb/v7-m/nofp\libc_nano.a(lib_a-mlock.o)
 .ARM.attributes
                0x0000000000000638       0x2d c:/st/stm32cubeide_1.7.0/stm32cubeide/plugins/com.st.stm32cube.ide.mcu.externaltools.gnu-tools-for-stm32.9-2020-q2-update.win32_2.0.0.202105311346/tools/bin/../lib/gcc/arm-none-eabi/9.3.1/../../../../arm-none-eabi/lib/thumb/v7-m/nofp\libc_nano.a(lib_a-nano-msizer.o)
 .ARM.attributes
                0x0000000000000665       0x2d c:/st/stm32cubeide_1.7.0/stm32cubeide/plugins/com.st.stm32cube.ide.mcu.externaltools.gnu-tools-for-stm32.9-2020-q2-update.win32_2.0.0.202105311346/tools/bin/../lib/gcc/arm-none-eabi/9.3.1/../../../../arm-none-eabi/lib/thumb/v7-m/nofp\libc_nano.a(lib_a-reent.o)
 .ARM.attributes
                0x0000000000000692       0x2d c:/st/stm32cubeide_1.7.0/stm32cubeide/plugins/com.st.stm32cube.ide.mcu.externaltools.gnu-tools-for-stm32.9-2020-q2-update.win32_2.0.0.202105311346/tools/bin/../lib/gcc/arm-none-eabi/9.3.1/../../../../arm-none-eabi/lib/thumb/v7-m/nofp\libc_nano.a(lib_a-lock.o)
 .ARM.attributes
                0x00000000000006bf       0x1d c:/st/stm32cubeide_1.7.0/stm32cubeide/plugins/com.st.stm32cube.ide.mcu.externaltools.gnu-tools-for-stm32.9-2020-q2-update.win32_2.0.0.202105311346/tools/bin/../lib/gcc/arm-none-eabi/9.3.1/thumb/v7-m/nofp/crtn.o
OUTPUT(door-lock-project.elf elf32-littlearm)
LOAD linker stubs
LOAD c:/st/stm32cubeide_1.7.0/stm32cubeide/plugins/com.st.stm32cube.ide.mcu.externaltools.gnu-tools-for-stm32.9-2020-q2-update.win32_2.0.0.202105311346/tools/bin/../lib/gcc/arm-none-eabi/9.3.1/../../../../arm-none-eabi/lib/thumb/v7-m/nofp\libc.a
LOAD c:/st/stm32cubeide_1.7.0/stm32cubeide/plugins/com.st.stm32cube.ide.mcu.externaltools.gnu-tools-for-stm32.9-2020-q2-update.win32_2.0.0.202105311346/tools/bin/../lib/gcc/arm-none-eabi/9.3.1/../../../../arm-none-eabi/lib/thumb/v7-m/nofp\libm.a
LOAD c:/st/stm32cubeide_1.7.0/stm32cubeide/plugins/com.st.stm32cube.ide.mcu.externaltools.gnu-tools-for-stm32.9-2020-q2-update.win32_2.0.0.202105311346/tools/bin/../lib/gcc/arm-none-eabi/9.3.1/thumb/v7-m/nofp\libgcc.a

.debug_info     0x0000000000000000     0xf4ae
 .debug_info    0x0000000000000000      0x353 ./Core/Src/button.o
 .debug_info    0x0000000000000353      0x292 ./Core/Src/buzzer.o
 .debug_info    0x00000000000005e5      0x334 ./Core/Src/door.o
 .debug_info    0x0000000000000919     0x12ff ./Core/Src/lcd_i2c.o
 .debug_info    0x0000000000001c18     0x179e ./Core/Src/main.o
 .debug_info    0x00000000000033b6      0xf67 ./Core/Src/password.o
 .debug_info    0x000000000000431d      0x232 ./Core/Src/software_timer.o
 .debug_info    0x000000000000454f      0xe4b ./Core/Src/stm32f1xx_hal_msp.o
 .debug_info    0x000000000000539a      0x7b9 ./Core/Src/stm32f1xx_it.o
 .debug_info    0x0000000000005b53      0xa25 ./Core/Src/sysmem.o
 .debug_info    0x0000000000006578      0x2be ./Core/Src/system_stm32f1xx.o
 .debug_info    0x0000000000006836       0x22 ./Core/Startup/startup_stm32f103c8tx.o
 .debug_info    0x0000000000006858      0x76a ./Drivers/STM32F1xx_HAL_Driver/Src/stm32f1xx_hal.o
 .debug_info    0x0000000000006fc2      0xbdc ./Drivers/STM32F1xx_HAL_Driver/Src/stm32f1xx_hal_cortex.o
 .debug_info    0x0000000000007b9e      0x701 ./Drivers/STM32F1xx_HAL_Driver/Src/stm32f1xx_hal_gpio.o
 .debug_info    0x000000000000829f     0x27cb ./Drivers/STM32F1xx_HAL_Driver/Src/stm32f1xx_hal_i2c.o
 .debug_info    0x000000000000aa6a      0x893 ./Drivers/STM32F1xx_HAL_Driver/Src/stm32f1xx_hal_rcc.o
 .debug_info    0x000000000000b2fd     0x2c32 ./Drivers/STM32F1xx_HAL_Driver/Src/stm32f1xx_hal_tim.o
 .debug_info    0x000000000000df2f     0x157f ./Drivers/STM32F1xx_HAL_Driver/Src/stm32f1xx_hal_tim_ex.o

.debug_abbrev   0x0000000000000000     0x24ec
 .debug_abbrev  0x0000000000000000      0x17e ./Core/Src/button.o
 .debug_abbrev  0x000000000000017e      0x109 ./Core/Src/buzzer.o
 .debug_abbrev  0x0000000000000287      0x13d ./Core/Src/door.o
 .debug_abbrev  0x00000000000003c4      0x2ed ./Core/Src/lcd_i2c.o
 .debug_abbrev  0x00000000000006b1      0x2f9 ./Core/Src/main.o
 .debug_abbrev  0x00000000000009aa      0x31d ./Core/Src/password.o
 .debug_abbrev  0x0000000000000cc7      0x121 ./Core/Src/software_timer.o
 .debug_abbrev  0x0000000000000de8      0x1c8 ./Core/Src/stm32f1xx_hal_msp.o
 .debug_abbrev  0x0000000000000fb0      0x176 ./Core/Src/stm32f1xx_it.o
 .debug_abbrev  0x0000000000001126      0x1bf ./Core/Src/sysmem.o
 .debug_abbrev  0x00000000000012e5      0x14e ./Core/Src/system_stm32f1xx.o
 .debug_abbrev  0x0000000000001433       0x12 ./Core/Startup/startup_stm32f103c8tx.o
 .debug_abbrev  0x0000000000001445      0x1ed ./Drivers/STM32F1xx_HAL_Driver/Src/stm32f1xx_hal.o
 .debug_abbrev  0x0000000000001632      0x313 ./Drivers/STM32F1xx_HAL_Driver/Src/stm32f1xx_hal_cortex.o
 .debug_abbrev  0x0000000000001945      0x1e8 ./Drivers/STM32F1xx_HAL_Driver/Src/stm32f1xx_hal_gpio.o
 .debug_abbrev  0x0000000000001b2d      0x288 ./Drivers/STM32F1xx_HAL_Driver/Src/stm32f1xx_hal_i2c.o
 .debug_abbrev  0x0000000000001db5      0x273 ./Drivers/STM32F1xx_HAL_Driver/Src/stm32f1xx_hal_rcc.o
 .debug_abbrev  0x0000000000002028      0x25e ./Drivers/STM32F1xx_HAL_Driver/Src/stm32f1xx_hal_tim.o
 .debug_abbrev  0x0000000000002286      0x266 ./Drivers/STM32F1xx_HAL_Driver/Src/stm32f1xx_hal_tim_ex.o

.debug_aranges  0x0000000000000000      0xe28
 .debug_aranges
                0x0000000000000000       0x30 ./Core/Src/button.o
 .debug_aranges
                0x0000000000000030       0x20 ./Core/Src/buzzer.o
 .debug_aranges
                0x0000000000000050       0x58 ./Core/Src/door.o
 .debug_aranges
                0x00000000000000a8       0xa8 ./Core/Src/lcd_i2c.o
 .debug_aranges
                0x0000000000000150       0x50 ./Core/Src/main.o
 .debug_aranges
                0x00000000000001a0       0x98 ./Core/Src/password.o
 .debug_aranges
                0x0000000000000238       0x30 ./Core/Src/software_timer.o
 .debug_aranges
                0x0000000000000268       0x40 ./Core/Src/stm32f1xx_hal_msp.o
 .debug_aranges
                0x00000000000002a8       0x68 ./Core/Src/stm32f1xx_it.o
 .debug_aranges
                0x0000000000000310       0x20 ./Core/Src/sysmem.o
 .debug_aranges
                0x0000000000000330       0x28 ./Core/Src/system_stm32f1xx.o
 .debug_aranges
                0x0000000000000358       0x28 ./Core/Startup/startup_stm32f103c8tx.o
 .debug_aranges
                0x0000000000000380       0xe0 ./Drivers/STM32F1xx_HAL_Driver/Src/stm32f1xx_hal.o
 .debug_aranges
                0x0000000000000460      0x100 ./Drivers/STM32F1xx_HAL_Driver/Src/stm32f1xx_hal_cortex.o
 .debug_aranges
                0x0000000000000560       0x58 ./Drivers/STM32F1xx_HAL_Driver/Src/stm32f1xx_hal_gpio.o
 .debug_aranges
                0x00000000000005b8      0x2a8 ./Drivers/STM32F1xx_HAL_Driver/Src/stm32f1xx_hal_i2c.o
 .debug_aranges
                0x0000000000000860       0x90 ./Drivers/STM32F1xx_HAL_Driver/Src/stm32f1xx_hal_rcc.o
 .debug_aranges
                0x00000000000008f0      0x3d0 ./Drivers/STM32F1xx_HAL_Driver/Src/stm32f1xx_hal_tim.o
 .debug_aranges
                0x0000000000000cc0      0x168 ./Drivers/STM32F1xx_HAL_Driver/Src/stm32f1xx_hal_tim_ex.o

.debug_ranges   0x0000000000000000      0xd48
 .debug_ranges  0x0000000000000000       0x20 ./Core/Src/button.o
 .debug_ranges  0x0000000000000020       0x10 ./Core/Src/buzzer.o
 .debug_ranges  0x0000000000000030       0x48 ./Core/Src/door.o
 .debug_ranges  0x0000000000000078       0x98 ./Core/Src/lcd_i2c.o
 .debug_ranges  0x0000000000000110       0x40 ./Core/Src/main.o
 .debug_ranges  0x0000000000000150       0xb8 ./Core/Src/password.o
 .debug_ranges  0x0000000000000208       0x20 ./Core/Src/software_timer.o
 .debug_ranges  0x0000000000000228       0x30 ./Core/Src/stm32f1xx_hal_msp.o
 .debug_ranges  0x0000000000000258       0x58 ./Core/Src/stm32f1xx_it.o
 .debug_ranges  0x00000000000002b0       0x10 ./Core/Src/sysmem.o
 .debug_ranges  0x00000000000002c0       0x18 ./Core/Src/system_stm32f1xx.o
 .debug_ranges  0x00000000000002d8       0x20 ./Core/Startup/startup_stm32f103c8tx.o
 .debug_ranges  0x00000000000002f8       0xd0 ./Drivers/STM32F1xx_HAL_Driver/Src/stm32f1xx_hal.o
 .debug_ranges  0x00000000000003c8       0xf0 ./Drivers/STM32F1xx_HAL_Driver/Src/stm32f1xx_hal_cortex.o
 .debug_ranges  0x00000000000004b8       0x48 ./Drivers/STM32F1xx_HAL_Driver/Src/stm32f1xx_hal_gpio.o
 .debug_ranges  0x0000000000000500      0x2b0 ./Drivers/STM32F1xx_HAL_Driver/Src/stm32f1xx_hal_i2c.o
 .debug_ranges  0x00000000000007b0       0x80 ./Drivers/STM32F1xx_HAL_Driver/Src/stm32f1xx_hal_rcc.o
 .debug_ranges  0x0000000000000830      0x3c0 ./Drivers/STM32F1xx_HAL_Driver/Src/stm32f1xx_hal_tim.o
 .debug_ranges  0x0000000000000bf0      0x158 ./Drivers/STM32F1xx_HAL_Driver/Src/stm32f1xx_hal_tim_ex.o

.debug_macro    0x0000000000000000    0x18b97
 .debug_macro   0x0000000000000000      0x219 ./Core/Src/button.o
 .debug_macro   0x0000000000000219      0xa9c ./Core/Src/button.o
 .debug_macro   0x0000000000000cb5      0x21b ./Core/Src/button.o
 .debug_macro   0x0000000000000ed0       0x2e ./Core/Src/button.o
 .debug_macro   0x0000000000000efe       0x22 ./Core/Src/button.o
 .debug_macro   0x0000000000000f20       0x22 ./Core/Src/button.o
 .debug_macro   0x0000000000000f42       0x8e ./Core/Src/button.o
 .debug_macro   0x0000000000000fd0       0x51 ./Core/Src/button.o
 .debug_macro   0x0000000000001021      0x103 ./Core/Src/button.o
 .debug_macro   0x0000000000001124       0x6a ./Core/Src/button.o
 .debug_macro   0x000000000000118e      0x1df ./Core/Src/button.o
 .debug_macro   0x000000000000136d       0x1c ./Core/Src/button.o
 .debug_macro   0x0000000000001389       0x22 ./Core/Src/button.o
 .debug_macro   0x00000000000013ab       0xc3 ./Core/Src/button.o
 .debug_macro   0x000000000000146e      0xd23 ./Core/Src/button.o
 .debug_macro   0x0000000000002191     0xe09e ./Core/Src/button.o
 .debug_macro   0x000000000001022f       0x6d ./Core/Src/button.o
 .debug_macro   0x000000000001029c     0x34a2 ./Core/Src/button.o
 .debug_macro   0x000000000001373e      0x174 ./Core/Src/button.o
 .debug_macro   0x00000000000138b2       0x5c ./Core/Src/button.o
 .debug_macro   0x000000000001390e      0x5bc ./Core/Src/button.o
 .debug_macro   0x0000000000013eca      0x289 ./Core/Src/button.o
 .debug_macro   0x0000000000014153      0x1cb ./Core/Src/button.o
 .debug_macro   0x000000000001431e      0x114 ./Core/Src/button.o
 .debug_macro   0x0000000000014432      0x1b2 ./Core/Src/button.o
 .debug_macro   0x00000000000145e4       0x27 ./Core/Src/button.o
 .debug_macro   0x000000000001460b      0x136 ./Core/Src/button.o
 .debug_macro   0x0000000000014741      0x1bc ./Core/Src/button.o
 .debug_macro   0x00000000000148fd       0x34 ./Core/Src/button.o
 .debug_macro   0x0000000000014931       0x3c ./Core/Src/button.o
 .debug_macro   0x000000000001496d       0x57 ./Core/Src/button.o
 .debug_macro   0x00000000000149c4       0x87 ./Core/Src/button.o
 .debug_macro   0x0000000000014a4b      0x240 ./Core/Src/button.o
 .debug_macro   0x0000000000014c8b      0x287 ./Core/Src/button.o
 .debug_macro   0x0000000000014f12      0x140 ./Core/Src/button.o
 .debug_macro   0x0000000000015052      0x8ed ./Core/Src/button.o
 .debug_macro   0x000000000001593f       0x83 ./Core/Src/button.o
 .debug_macro   0x00000000000159c2       0xac ./Core/Src/button.o
 .debug_macro   0x0000000000015a6e       0x52 ./Core/Src/button.o
 .debug_macro   0x0000000000015ac0       0x22 ./Core/Src/button.o
 .debug_macro   0x0000000000015ae2       0x22 ./Core/Src/button.o
 .debug_macro   0x0000000000015b04      0x219 ./Core/Src/buzzer.o
 .debug_macro   0x0000000000015d1d      0x229 ./Core/Src/door.o
 .debug_macro   0x0000000000015f46      0x380 ./Core/Src/lcd_i2c.o
 .debug_macro   0x00000000000162c6       0x40 ./Core/Src/lcd_i2c.o
 .debug_macro   0x0000000000016306       0x52 ./Core/Src/lcd_i2c.o
 .debug_macro   0x0000000000016358       0x18 ./Core/Src/lcd_i2c.o
 .debug_macro   0x0000000000016370       0x3c ./Core/Src/lcd_i2c.o
 .debug_macro   0x00000000000163ac       0x34 ./Core/Src/lcd_i2c.o
 .debug_macro   0x00000000000163e0       0x16 ./Core/Src/lcd_i2c.o
 .debug_macro   0x00000000000163f6       0x35 ./Core/Src/lcd_i2c.o
 .debug_macro   0x000000000001642b      0x333 ./Core/Src/lcd_i2c.o
 .debug_macro   0x000000000001675e       0x10 ./Core/Src/lcd_i2c.o
 .debug_macro   0x000000000001676e       0x16 ./Core/Src/lcd_i2c.o
 .debug_macro   0x0000000000016784       0x43 ./Core/Src/lcd_i2c.o
 .debug_macro   0x00000000000167c7       0x34 ./Core/Src/lcd_i2c.o
 .debug_macro   0x00000000000167fb       0x10 ./Core/Src/lcd_i2c.o
 .debug_macro   0x000000000001680b       0x58 ./Core/Src/lcd_i2c.o
 .debug_macro   0x0000000000016863       0x71 ./Core/Src/lcd_i2c.o
 .debug_macro   0x00000000000168d4       0x1c ./Core/Src/lcd_i2c.o
 .debug_macro   0x00000000000168f0      0x12a ./Core/Src/lcd_i2c.o
 .debug_macro   0x0000000000016a1a       0x10 ./Core/Src/lcd_i2c.o
 .debug_macro   0x0000000000016a2a       0x1c ./Core/Src/lcd_i2c.o
 .debug_macro   0x0000000000016a46       0x52 ./Core/Src/lcd_i2c.o
 .debug_macro   0x0000000000016a98       0x22 ./Core/Src/lcd_i2c.o
 .debug_macro   0x0000000000016aba       0x10 ./Core/Src/lcd_i2c.o
 .debug_macro   0x0000000000016aca       0x40 ./Core/Src/lcd_i2c.o
 .debug_macro   0x0000000000016b0a       0xd5 ./Core/Src/lcd_i2c.o
 .debug_macro   0x0000000000016bdf       0x1c ./Core/Src/lcd_i2c.o
 .debug_macro   0x0000000000016bfb       0x3d ./Core/Src/lcd_i2c.o
 .debug_macro   0x0000000000016c38       0x16 ./Core/Src/lcd_i2c.o
 .debug_macro   0x0000000000016c4e      0x145 ./Core/Src/lcd_i2c.o
 .debug_macro   0x0000000000016d93      0x37b ./Core/Src/main.o
 .debug_macro   0x000000000001710e       0x46 ./Core/Src/main.o
 .debug_macro   0x0000000000017154      0x350 ./Core/Src/password.o
 .debug_macro   0x00000000000174a4       0x10 ./Core/Src/password.o
 .debug_macro   0x00000000000174b4       0x20 ./Core/Src/password.o
 .debug_macro   0x00000000000174d4      0x213 ./Core/Src/software_timer.o
 .debug_macro   0x00000000000176e7      0x1b2 ./Core/Src/stm32f1xx_hal_msp.o
 .debug_macro   0x0000000000017899      0x1bc ./Core/Src/stm32f1xx_it.o
 .debug_macro   0x0000000000017a55       0xff ./Core/Src/sysmem.o
 .debug_macro   0x0000000000017b54      0x23b ./Core/Src/sysmem.o
 .debug_macro   0x0000000000017d8f      0x1a3 ./Core/Src/system_stm32f1xx.o
 .debug_macro   0x0000000000017f32      0x1c7 ./Drivers/STM32F1xx_HAL_Driver/Src/stm32f1xx_hal.o
 .debug_macro   0x00000000000180f9      0x1a3 ./Drivers/STM32F1xx_HAL_Driver/Src/stm32f1xx_hal_cortex.o
 .debug_macro   0x000000000001829c      0x20e ./Drivers/STM32F1xx_HAL_Driver/Src/stm32f1xx_hal_gpio.o
 .debug_macro   0x00000000000184aa      0x1f1 ./Drivers/STM32F1xx_HAL_Driver/Src/stm32f1xx_hal_i2c.o
 .debug_macro   0x000000000001869b      0x1b5 ./Drivers/STM32F1xx_HAL_Driver/Src/stm32f1xx_hal_rcc.o
 .debug_macro   0x0000000000018850      0x1a4 ./Drivers/STM32F1xx_HAL_Driver/Src/stm32f1xx_hal_tim.o
 .debug_macro   0x00000000000189f4      0x1a3 ./Drivers/STM32F1xx_HAL_Driver/Src/stm32f1xx_hal_tim_ex.o

.debug_line     0x0000000000000000    0x10cad
 .debug_line    0x0000000000000000      0x76a ./Core/Src/button.o
 .debug_line    0x000000000000076a      0x714 ./Core/Src/buzzer.o
 .debug_line    0x0000000000000e7e      0x7f1 ./Core/Src/door.o
 .debug_line    0x000000000000166f      0xacc ./Core/Src/lcd_i2c.o
 .debug_line    0x000000000000213b      0xa9b ./Core/Src/main.o
 .debug_line    0x0000000000002bd6      0xcc1 ./Core/Src/password.o
 .debug_line    0x0000000000003897      0x732 ./Core/Src/software_timer.o
 .debug_line    0x0000000000003fc9      0x702 ./Core/Src/stm32f1xx_hal_msp.o
 .debug_line    0x00000000000046cb      0x756 ./Core/Src/stm32f1xx_it.o
 .debug_line    0x0000000000004e21      0x4f8 ./Core/Src/sysmem.o
 .debug_line    0x0000000000005319      0x6fa ./Core/Src/system_stm32f1xx.o
 .debug_line    0x0000000000005a13       0x86 ./Core/Startup/startup_stm32f103c8tx.o
 .debug_line    0x0000000000005a99      0x927 ./Drivers/STM32F1xx_HAL_Driver/Src/stm32f1xx_hal.o
 .debug_line    0x00000000000063c0      0xb0f ./Drivers/STM32F1xx_HAL_Driver/Src/stm32f1xx_hal_cortex.o
 .debug_line    0x0000000000006ecf      0x9c0 ./Drivers/STM32F1xx_HAL_Driver/Src/stm32f1xx_hal_gpio.o
 .debug_line    0x000000000000788f     0x3abd ./Drivers/STM32F1xx_HAL_Driver/Src/stm32f1xx_hal_i2c.o
 .debug_line    0x000000000000b34c      0xd33 ./Drivers/STM32F1xx_HAL_Driver/Src/stm32f1xx_hal_rcc.o
 .debug_line    0x000000000000c07f     0x33c1 ./Drivers/STM32F1xx_HAL_Driver/Src/stm32f1xx_hal_tim.o
 .debug_line    0x000000000000f440     0x186d ./Drivers/STM32F1xx_HAL_Driver/Src/stm32f1xx_hal_tim_ex.o

.debug_str      0x0000000000000000    0x8bd18
 .debug_str     0x0000000000000000    0x835d4 ./Core/Src/button.o
                                      0x83922 (size before relaxing)
 .debug_str     0x00000000000835d4       0x77 ./Core/Src/buzzer.o
                                      0x83905 (size before relaxing)
 .debug_str     0x000000000008364b       0xdd ./Core/Src/door.o
                                      0x83991 (size before relaxing)
 .debug_str     0x0000000000083728     0x483d ./Core/Src/lcd_i2c.o
                                      0x87f73 (size before relaxing)
 .debug_str     0x0000000000087f65      0x536 ./Core/Src/main.o
                                      0x8844a (size before relaxing)
 .debug_str     0x000000000008849b      0x4ff ./Core/Src/password.o
                                      0x86fdf (size before relaxing)
 .debug_str     0x000000000008899a       0x70 ./Core/Src/software_timer.o
                                      0x838cd (size before relaxing)
 .debug_str     0x0000000000088a0a      0x316 ./Core/Src/stm32f1xx_hal_msp.o
                                      0x8417c (size before relaxing)
 .debug_str     0x0000000000088d20       0xcd ./Core/Src/stm32f1xx_it.o
                                      0x83ba7 (size before relaxing)
 .debug_str     0x0000000000088ded      0x4e9 ./Core/Src/sysmem.o
                                       0x6262 (size before relaxing)
 .debug_str     0x00000000000892d6       0x52 ./Core/Src/system_stm32f1xx.o
                                      0x833f9 (size before relaxing)
 .debug_str     0x0000000000089328       0x36 ./Core/Startup/startup_stm32f103c8tx.o
                                         0x76 (size before relaxing)
 .debug_str     0x000000000008935e      0x2f2 ./Drivers/STM32F1xx_HAL_Driver/Src/stm32f1xx_hal.o
                                      0x83a8a (size before relaxing)
 .debug_str     0x0000000000089650      0x300 ./Drivers/STM32F1xx_HAL_Driver/Src/stm32f1xx_hal_cortex.o
                                      0x83a92 (size before relaxing)
 .debug_str     0x0000000000089950      0x324 ./Drivers/STM32F1xx_HAL_Driver/Src/stm32f1xx_hal_gpio.o
                                      0x837bd (size before relaxing)
 .debug_str     0x0000000000089c74      0xb9a ./Drivers/STM32F1xx_HAL_Driver/Src/stm32f1xx_hal_i2c.o
                                      0x84488 (size before relaxing)
 .debug_str     0x000000000008a80e      0x244 ./Drivers/STM32F1xx_HAL_Driver/Src/stm32f1xx_hal_rcc.o
                                      0x837f6 (size before relaxing)
 .debug_str     0x000000000008aa52      0xdd8 ./Drivers/STM32F1xx_HAL_Driver/Src/stm32f1xx_hal_tim.o
                                      0x847df (size before relaxing)
 .debug_str     0x000000000008b82a      0x4ee ./Drivers/STM32F1xx_HAL_Driver/Src/stm32f1xx_hal_tim_ex.o
                                      0x83f80 (size before relaxing)

.comment        0x0000000000000000       0x53
 .comment       0x0000000000000000       0x53 ./Core/Src/button.o
                                         0x54 (size before relaxing)
 .comment       0x0000000000000053       0x54 ./Core/Src/buzzer.o
 .comment       0x0000000000000053       0x54 ./Core/Src/door.o
 .comment       0x0000000000000053       0x54 ./Core/Src/lcd_i2c.o
 .comment       0x0000000000000053       0x54 ./Core/Src/main.o
 .comment       0x0000000000000053       0x54 ./Core/Src/password.o
 .comment       0x0000000000000053       0x54 ./Core/Src/software_timer.o
 .comment       0x0000000000000053       0x54 ./Core/Src/stm32f1xx_hal_msp.o
 .comment       0x0000000000000053       0x54 ./Core/Src/stm32f1xx_it.o
 .comment       0x0000000000000053       0x54 ./Core/Src/sysmem.o
 .comment       0x0000000000000053       0x54 ./Core/Src/system_stm32f1xx.o
 .comment       0x0000000000000053       0x54 ./Drivers/STM32F1xx_HAL_Driver/Src/stm32f1xx_hal.o
 .comment       0x0000000000000053       0x54 ./Drivers/STM32F1xx_HAL_Driver/Src/stm32f1xx_hal_cortex.o
 .comment       0x0000000000000053       0x54 ./Drivers/STM32F1xx_HAL_Driver/Src/stm32f1xx_hal_gpio.o
 .comment       0x0000000000000053       0x54 ./Drivers/STM32F1xx_HAL_Driver/Src/stm32f1xx_hal_i2c.o
 .comment       0x0000000000000053       0x54 ./Drivers/STM32F1xx_HAL_Driver/Src/stm32f1xx_hal_rcc.o
 .comment       0x0000000000000053       0x54 ./Drivers/STM32F1xx_HAL_Driver/Src/stm32f1xx_hal_tim.o
 .comment       0x0000000000000053       0x54 ./Drivers/STM32F1xx_HAL_Driver/Src/stm32f1xx_hal_tim_ex.o

.debug_frame    0x0000000000000000     0x3dcc
 .debug_frame   0x0000000000000000       0x78 ./Core/Src/button.o
 .debug_frame   0x0000000000000078       0x34 ./Core/Src/buzzer.o
 .debug_frame   0x00000000000000ac       0xf0 ./Core/Src/door.o
 .debug_frame   0x000000000000019c      0x278 ./Core/Src/lcd_i2c.o
 .debug_frame   0x0000000000000414       0xf4 ./Core/Src/main.o
 .debug_frame   0x0000000000000508      0x230 ./Core/Src/password.o
 .debug_frame   0x0000000000000738       0x80 ./Core/Src/software_timer.o
 .debug_frame   0x00000000000007b8       0xc8 ./Core/Src/stm32f1xx_hal_msp.o
 .debug_frame   0x0000000000000880      0x120 ./Core/Src/stm32f1xx_it.o
 .debug_frame   0x00000000000009a0       0x34 ./Core/Src/sysmem.o
 .debug_frame   0x00000000000009d4       0x58 ./Core/Src/system_stm32f1xx.o
 .debug_frame   0x0000000000000a2c      0x334 ./Drivers/STM32F1xx_HAL_Driver/Src/stm32f1xx_hal.o
 .debug_frame   0x0000000000000d60      0x428 ./Drivers/STM32F1xx_HAL_Driver/Src/stm32f1xx_hal_cortex.o
 .debug_frame   0x0000000000001188      0x14c ./Drivers/STM32F1xx_HAL_Driver/Src/stm32f1xx_hal_gpio.o
 .debug_frame   0x00000000000012d4      0xc84 ./Drivers/STM32F1xx_HAL_Driver/Src/stm32f1xx_hal_i2c.o
 .debug_frame   0x0000000000001f58      0x218 ./Drivers/STM32F1xx_HAL_Driver/Src/stm32f1xx_hal_rcc.o
 .debug_frame   0x0000000000002170     0x11b8 ./Drivers/STM32F1xx_HAL_Driver/Src/stm32f1xx_hal_tim.o
 .debug_frame   0x0000000000003328      0x638 ./Drivers/STM32F1xx_HAL_Driver/Src/stm32f1xx_hal_tim_ex.o
 .debug_frame   0x0000000000003960       0x20 c:/st/stm32cubeide_1.7.0/stm32cubeide/plugins/com.st.stm32cube.ide.mcu.externaltools.gnu-tools-for-stm32.9-2020-q2-update.win32_2.0.0.202105311346/tools/bin/../lib/gcc/arm-none-eabi/9.3.1/../../../../arm-none-eabi/lib/thumb/v7-m/nofp\libc_nano.a(lib_a-errno.o)
 .debug_frame   0x0000000000003980       0x2c c:/st/stm32cubeide_1.7.0/stm32cubeide/plugins/com.st.stm32cube.ide.mcu.externaltools.gnu-tools-for-stm32.9-2020-q2-update.win32_2.0.0.202105311346/tools/bin/../lib/gcc/arm-none-eabi/9.3.1/../../../../arm-none-eabi/lib/thumb/v7-m/nofp\libc_nano.a(lib_a-init.o)
 .debug_frame   0x00000000000039ac       0x20 c:/st/stm32cubeide_1.7.0/stm32cubeide/plugins/com.st.stm32cube.ide.mcu.externaltools.gnu-tools-for-stm32.9-2020-q2-update.win32_2.0.0.202105311346/tools/bin/../lib/gcc/arm-none-eabi/9.3.1/../../../../arm-none-eabi/lib/thumb/v7-m/nofp\libc_nano.a(lib_a-memset.o)
 .debug_frame   0x00000000000039cc       0x6c c:/st/stm32cubeide_1.7.0/stm32cubeide/plugins/com.st.stm32cube.ide.mcu.externaltools.gnu-tools-for-stm32.9-2020-q2-update.win32_2.0.0.202105311346/tools/bin/../lib/gcc/arm-none-eabi/9.3.1/../../../../arm-none-eabi/lib/thumb/v7-m/nofp\libc_nano.a(lib_a-sprintf.o)
 .debug_frame   0x0000000000003a38       0x90 c:/st/stm32cubeide_1.7.0/stm32cubeide/plugins/com.st.stm32cube.ide.mcu.externaltools.gnu-tools-for-stm32.9-2020-q2-update.win32_2.0.0.202105311346/tools/bin/../lib/gcc/arm-none-eabi/9.3.1/../../../../arm-none-eabi/lib/thumb/v7-m/nofp\libc_nano.a(lib_a-nano-svfprintf.o)
 .debug_frame   0x0000000000003ac8       0x60 c:/st/stm32cubeide_1.7.0/stm32cubeide/plugins/com.st.stm32cube.ide.mcu.externaltools.gnu-tools-for-stm32.9-2020-q2-update.win32_2.0.0.202105311346/tools/bin/../lib/gcc/arm-none-eabi/9.3.1/../../../../arm-none-eabi/lib/thumb/v7-m/nofp\libc_nano.a(lib_a-nano-vfprintf_i.o)
 .debug_frame   0x0000000000003b28       0x28 c:/st/stm32cubeide_1.7.0/stm32cubeide/plugins/com.st.stm32cube.ide.mcu.externaltools.gnu-tools-for-stm32.9-2020-q2-update.win32_2.0.0.202105311346/tools/bin/../lib/gcc/arm-none-eabi/9.3.1/../../../../arm-none-eabi/lib/thumb/v7-m/nofp\libc_nano.a(lib_a-memchr-stub.o)
 .debug_frame   0x0000000000003b50       0x28 c:/st/stm32cubeide_1.7.0/stm32cubeide/plugins/com.st.stm32cube.ide.mcu.externaltools.gnu-tools-for-stm32.9-2020-q2-update.win32_2.0.0.202105311346/tools/bin/../lib/gcc/arm-none-eabi/9.3.1/../../../../arm-none-eabi/lib/thumb/v7-m/nofp\libc_nano.a(lib_a-memcpy-stub.o)
 .debug_frame   0x0000000000003b78       0x28 c:/st/stm32cubeide_1.7.0/stm32cubeide/plugins/com.st.stm32cube.ide.mcu.externaltools.gnu-tools-for-stm32.9-2020-q2-update.win32_2.0.0.202105311346/tools/bin/../lib/gcc/arm-none-eabi/9.3.1/../../../../arm-none-eabi/lib/thumb/v7-m/nofp\libc_nano.a(lib_a-memmove.o)
 .debug_frame   0x0000000000003ba0       0x38 c:/st/stm32cubeide_1.7.0/stm32cubeide/plugins/com.st.stm32cube.ide.mcu.externaltools.gnu-tools-for-stm32.9-2020-q2-update.win32_2.0.0.202105311346/tools/bin/../lib/gcc/arm-none-eabi/9.3.1/../../../../arm-none-eabi/lib/thumb/v7-m/nofp\libc_nano.a(lib_a-nano-freer.o)
 .debug_frame   0x0000000000003bd8       0x30 c:/st/stm32cubeide_1.7.0/stm32cubeide/plugins/com.st.stm32cube.ide.mcu.externaltools.gnu-tools-for-stm32.9-2020-q2-update.win32_2.0.0.202105311346/tools/bin/../lib/gcc/arm-none-eabi/9.3.1/../../../../arm-none-eabi/lib/thumb/v7-m/nofp\libc_nano.a(lib_a-nano-mallocr.o)
 .debug_frame   0x0000000000003c08       0x3c c:/st/stm32cubeide_1.7.0/stm32cubeide/plugins/com.st.stm32cube.ide.mcu.externaltools.gnu-tools-for-stm32.9-2020-q2-update.win32_2.0.0.202105311346/tools/bin/../lib/gcc/arm-none-eabi/9.3.1/../../../../arm-none-eabi/lib/thumb/v7-m/nofp\libc_nano.a(lib_a-nano-reallocr.o)
 .debug_frame   0x0000000000003c44       0x2c c:/st/stm32cubeide_1.7.0/stm32cubeide/plugins/com.st.stm32cube.ide.mcu.externaltools.gnu-tools-for-stm32.9-2020-q2-update.win32_2.0.0.202105311346/tools/bin/../lib/gcc/arm-none-eabi/9.3.1/../../../../arm-none-eabi/lib/thumb/v7-m/nofp\libc_nano.a(lib_a-sbrkr.o)
 .debug_frame   0x0000000000003c70       0x30 c:/st/stm32cubeide_1.7.0/stm32cubeide/plugins/com.st.stm32cube.ide.mcu.externaltools.gnu-tools-for-stm32.9-2020-q2-update.win32_2.0.0.202105311346/tools/bin/../lib/gcc/arm-none-eabi/9.3.1/../../../../arm-none-eabi/lib/thumb/v7-m/nofp\libc_nano.a(lib_a-mlock.o)
 .debug_frame   0x0000000000003ca0       0x20 c:/st/stm32cubeide_1.7.0/stm32cubeide/plugins/com.st.stm32cube.ide.mcu.externaltools.gnu-tools-for-stm32.9-2020-q2-update.win32_2.0.0.202105311346/tools/bin/../lib/gcc/arm-none-eabi/9.3.1/../../../../arm-none-eabi/lib/thumb/v7-m/nofp\libc_nano.a(lib_a-nano-msizer.o)
 .debug_frame   0x0000000000003cc0       0x5c c:/st/stm32cubeide_1.7.0/stm32cubeide/plugins/com.st.stm32cube.ide.mcu.externaltools.gnu-tools-for-stm32.9-2020-q2-update.win32_2.0.0.202105311346/tools/bin/../lib/gcc/arm-none-eabi/9.3.1/../../../../arm-none-eabi/lib/thumb/v7-m/nofp\libc_nano.a(lib_a-reent.o)
 .debug_frame   0x0000000000003d1c       0xb0 c:/st/stm32cubeide_1.7.0/stm32cubeide/plugins/com.st.stm32cube.ide.mcu.externaltools.gnu-tools-for-stm32.9-2020-q2-update.win32_2.0.0.202105311346/tools/bin/../lib/gcc/arm-none-eabi/9.3.1/../../../../arm-none-eabi/lib/thumb/v7-m/nofp\libc_nano.a(lib_a-lock.o)
