Archive member included to satisfy reference by file (symbol)

c:/st/stm32cubeide_1.7.0/stm32cubeide/plugins/com.st.stm32cube.ide.mcu.externaltools.gnu-tools-for-stm32.9-2020-q2-update.win32_2.0.0.202105311346/tools/bin/../lib/gcc/arm-none-eabi/9.3.1/../../../../arm-none-eabi/lib/thumb/v7-m/nofp\libc_nano.a(lib_a-errno.o)
                              ./Core/Src/syscalls.o (__errno)
c:/st/stm32cubeide_1.7.0/stm32cubeide/plugins/com.st.stm32cube.ide.mcu.externaltools.gnu-tools-for-stm32.9-2020-q2-update.win32_2.0.0.202105311346/tools/bin/../lib/gcc/arm-none-eabi/9.3.1/../../../../arm-none-eabi/lib/thumb/v7-m/nofp\libc_nano.a(lib_a-exit.o)
                              c:/st/stm32cubeide_1.7.0/stm32cubeide/plugins/com.st.stm32cube.ide.mcu.externaltools.gnu-tools-for-stm32.9-2020-q2-update.win32_2.0.0.202105311346/tools/bin/../lib/gcc/arm-none-eabi/9.3.1/../../../../arm-none-eabi/lib/thumb/v7-m/nofp/crt0.o (exit)
c:/st/stm32cubeide_1.7.0/stm32cubeide/plugins/com.st.stm32cube.ide.mcu.externaltools.gnu-tools-for-stm32.9-2020-q2-update.win32_2.0.0.202105311346/tools/bin/../lib/gcc/arm-none-eabi/9.3.1/../../../../arm-none-eabi/lib/thumb/v7-m/nofp\libc_nano.a(lib_a-impure.o)
                              c:/st/stm32cubeide_1.7.0/stm32cubeide/plugins/com.st.stm32cube.ide.mcu.externaltools.gnu-tools-for-stm32.9-2020-q2-update.win32_2.0.0.202105311346/tools/bin/../lib/gcc/arm-none-eabi/9.3.1/../../../../arm-none-eabi/lib/thumb/v7-m/nofp\libc_nano.a(lib_a-exit.o) (_global_impure_ptr)
c:/st/stm32cubeide_1.7.0/stm32cubeide/plugins/com.st.stm32cube.ide.mcu.externaltools.gnu-tools-for-stm32.9-2020-q2-update.win32_2.0.0.202105311346/tools/bin/../lib/gcc/arm-none-eabi/9.3.1/../../../../arm-none-eabi/lib/thumb/v7-m/nofp\libc_nano.a(lib_a-init.o)
                              c:/st/stm32cubeide_1.7.0/stm32cubeide/plugins/com.st.stm32cube.ide.mcu.externaltools.gnu-tools-for-stm32.9-2020-q2-update.win32_2.0.0.202105311346/tools/bin/../lib/gcc/arm-none-eabi/9.3.1/../../../../arm-none-eabi/lib/thumb/v7-m/nofp/crt0.o (__libc_init_array)
c:/st/stm32cubeide_1.7.0/stm32cubeide/plugins/com.st.stm32cube.ide.mcu.externaltools.gnu-tools-for-stm32.9-2020-q2-update.win32_2.0.0.202105311346/tools/bin/../lib/gcc/arm-none-eabi/9.3.1/../../../../arm-none-eabi/lib/thumb/v7-m/nofp\libc_nano.a(lib_a-memset.o)
                              c:/st/stm32cubeide_1.7.0/stm32cubeide/plugins/com.st.stm32cube.ide.mcu.externaltools.gnu-tools-for-stm32.9-2020-q2-update.win32_2.0.0.202105311346/tools/bin/../lib/gcc/arm-none-eabi/9.3.1/../../../../arm-none-eabi/lib/thumb/v7-m/nofp/crt0.o (memset)

Allocating common symbols
Common symbol       size              file

uwTick              0x4               ./Drivers/STM32F1xx_HAL_Driver/Src/stm32f1xx_hal.o
pFlash              0x20              ./Drivers/STM32F1xx_HAL_Driver/Src/stm32f1xx_hal_flash.o
htim2               0x48              ./Core/Src/main.o

Discarded input sections

 .text          0x0000000000000000        0x0 c:/st/stm32cubeide_1.7.0/stm32cubeide/plugins/com.st.stm32cube.ide.mcu.externaltools.gnu-tools-for-stm32.9-2020-q2-update.win32_2.0.0.202105311346/tools/bin/../lib/gcc/arm-none-eabi/9.3.1/thumb/v7-m/nofp/crti.o
 .data          0x0000000000000000        0x0 c:/st/stm32cubeide_1.7.0/stm32cubeide/plugins/com.st.stm32cube.ide.mcu.externaltools.gnu-tools-for-stm32.9-2020-q2-update.win32_2.0.0.202105311346/tools/bin/../lib/gcc/arm-none-eabi/9.3.1/thumb/v7-m/nofp/crti.o
 .bss           0x0000000000000000        0x0 c:/st/stm32cubeide_1.7.0/stm32cubeide/plugins/com.st.stm32cube.ide.mcu.externaltools.gnu-tools-for-stm32.9-2020-q2-update.win32_2.0.0.202105311346/tools/bin/../lib/gcc/arm-none-eabi/9.3.1/thumb/v7-m/nofp/crti.o
 .data          0x0000000000000000        0x4 c:/st/stm32cubeide_1.7.0/stm32cubeide/plugins/com.st.stm32cube.ide.mcu.externaltools.gnu-tools-for-stm32.9-2020-q2-update.win32_2.0.0.202105311346/tools/bin/../lib/gcc/arm-none-eabi/9.3.1/thumb/v7-m/nofp/crtbegin.o
 .text          0x0000000000000000       0x7c c:/st/stm32cubeide_1.7.0/stm32cubeide/plugins/com.st.stm32cube.ide.mcu.externaltools.gnu-tools-for-stm32.9-2020-q2-update.win32_2.0.0.202105311346/tools/bin/../lib/gcc/arm-none-eabi/9.3.1/../../../../arm-none-eabi/lib/thumb/v7-m/nofp/crt0.o
 .data          0x0000000000000000        0x0 c:/st/stm32cubeide_1.7.0/stm32cubeide/plugins/com.st.stm32cube.ide.mcu.externaltools.gnu-tools-for-stm32.9-2020-q2-update.win32_2.0.0.202105311346/tools/bin/../lib/gcc/arm-none-eabi/9.3.1/../../../../arm-none-eabi/lib/thumb/v7-m/nofp/crt0.o
 .bss           0x0000000000000000        0x0 c:/st/stm32cubeide_1.7.0/stm32cubeide/plugins/com.st.stm32cube.ide.mcu.externaltools.gnu-tools-for-stm32.9-2020-q2-update.win32_2.0.0.202105311346/tools/bin/../lib/gcc/arm-none-eabi/9.3.1/../../../../arm-none-eabi/lib/thumb/v7-m/nofp/crt0.o
[...]
Memory Configuration

Name             Origin             Length             Attributes
RAM              0x0000000020000000 0x0000000000002800 xrw
FLASH            0x0000000008000000 0x0000000000008000 xr
*default*        0x0000000000000000 0xffffffffffffffff

Linker script and memory map

LOAD c:/st/stm32cubeide_1.7.0/stm32cubeide/plugins/com.st.stm32cube.ide.mcu.externaltools.gnu-tools-for-stm32.9-2020-q2-update.win32_2.0.0.202105311346/tools/bin/../lib/gcc/arm-none-eabi/9.3.1/thumb/v7-m/nofp/crti.o
LOAD c:/st/stm32cubeide_1.7.0/stm32cubeide/plugins/com.st.stm32cube.ide.mcu.externaltools.gnu-tools-for-stm32.9-2020-q2-update.win32_2.0.0.202105311346/tools/bin/../lib/gcc/arm-none-eabi/9.3.1/thumb/v7-m/nofp/crtbegin.o
LOAD c:/st/stm32cubeide_1.7.0/stm32cubeide/plugins/com.st.stm32cube.ide.mcu.externaltools.gnu-tools-for-stm32.9-2020-q2-update.win32_2.0.0.202105311346/tools/bin/../lib/gcc/arm-none-eabi/9.3.1/../../../../arm-none-eabi/lib/thumb/v7-m/nofp/crt0.o
LOAD ./Core/Src/buzzer.o
LOAD ./Core/Src/door.o
LOAD ./Core/Src/fsm.o
LOAD ./Core/Src/lcd.o
LOAD ./Core/Src/main.o
LOAD ./Core/Src/password.o
LOAD ./Core/Src/software_timer.o
LOAD ./Core/Src/stm32f1xx_hal_msp.o
LOAD ./Core/Src/stm32f1xx_it.o
LOAD ./Core/Src/syscalls.o
LOAD ./Core/Src/sysmem.o
LOAD ./Core/Src/system_stm32f1xx.o
LOAD ./Core/Startup/startup_stm32f103c6ux.o
LOAD ./Drivers/STM32F1xx_HAL_Driver/Src/stm32f1xx_hal.o
LOAD ./Drivers/STM32F1xx_HAL_Driver/Src/stm32f1xx_hal_cortex.o
LOAD ./Drivers/STM32F1xx_HAL_Driver/Src/stm32f1xx_hal_dma.o
LOAD ./Drivers/STM32F1xx_HAL_Driver/Src/stm32f1xx_hal_exti.o
LOAD ./Drivers/STM32F1xx_HAL_Driver/Src/stm32f1xx_hal_flash.o
LOAD ./Drivers/STM32F1xx_HAL_Driver/Src/stm32f1xx_hal_flash_ex.o
LOAD ./Drivers/STM32F1xx_HAL_Driver/Src/stm32f1xx_hal_gpio.o
LOAD ./Drivers/STM32F1xx_HAL_Driver/Src/stm32f1xx_hal_gpio_ex.o
LOAD ./Drivers/STM32F1xx_HAL_Driver/Src/stm32f1xx_hal_pwr.o
LOAD ./Drivers/STM32F1xx_HAL_Driver/Src/stm32f1xx_hal_rcc.o
LOAD ./Drivers/STM32F1xx_HAL_Driver/Src/stm32f1xx_hal_rcc_ex.o
LOAD ./Drivers/STM32F1xx_HAL_Driver/Src/stm32f1xx_hal_tim.o
LOAD ./Drivers/STM32F1xx_HAL_Driver/Src/stm32f1xx_hal_tim_ex.o
START GROUP
LOAD c:/st/stm32cubeide_1.7.0/stm32cubeide/plugins/com.st.stm32cube.ide.mcu.externaltools.gnu-tools-for-stm32.9-2020-q2-update.win32_2.0.0.202105311346/tools/bin/../lib/gcc/arm-none-eabi/9.3.1/../../../../arm-none-eabi/lib/thumb/v7-m/nofp\libc_nano.a
LOAD c:/st/stm32cubeide_1.7.0/stm32cubeide/plugins/com.st.stm32cube.ide.mcu.externaltools.gnu-tools-for-stm32.9-2020-q2-update.win32_2.0.0.202105311346/tools/bin/../lib/gcc/arm-none-eabi/9.3.1/../../../../arm-none-eabi/lib/thumb/v7-m/nofp\libm.a
END GROUP
START GROUP
LOAD c:/st/stm32cubeide_1.7.0/stm32cubeide/plugins/com.st.stm32cube.ide.mcu.externaltools.gnu-tools-for-stm32.9-2020-q2-update.win32_2.0.0.202105311346/tools/bin/../lib/gcc/arm-none-eabi/9.3.1/thumb/v7-m/nofp\libgcc.a
LOAD c:/st/stm32cubeide_1.7.0/stm32cubeide/plugins/com.st.stm32cube.ide.mcu.externaltools.gnu-tools-for-stm32.9-2020-q2-update.win32_2.0.0.202105311346/tools/bin/../lib/gcc/arm-none-eabi/9.3.1/../../../../arm-none-eabi/lib/thumb/v7-m/nofp\libc_nano.a
END GROUP
START GROUP
LOAD c:/st/stm32cubeide_1.7.0/stm32cubeide/plugins/com.st.stm32cube.ide.mcu.externaltools.gnu-tools-for-stm32.9-2020-q2-update.win32_2.0.0.202105311346/tools/bin/../lib/gcc/arm-none-eabi/9.3.1/thumb/v7-m/nofp\libgcc.a
LOAD c:/st/stm32cubeide_1.7.0/stm32cubeide/plugins/com.st.stm32cube.ide.mcu.externaltools.gnu-tools-for-stm32.9-2020-q2-update.win32_2.0.0.202105311346/tools/bin/../lib/gcc/arm-none-eabi/9.3.1/../../../../arm-none-eabi/lib/thumb/v7-m/nofp\libc_nano.a
LOAD c:/st/stm32cubeide_1.7.0/stm32cubeide/plugins/com.st.stm32cube.ide.mcu.externaltools.gnu-tools-for-stm32.9-2020-q2-update.win32_2.0.0.202105311346/tools/bin/../lib/gcc/arm-none-eabi/9.3.1/../../../../arm-none-eabi/lib/thumb/v7-m/nofp\libnosys.a
END GROUP
START GROUP
LOAD c:/st/stm32cubeide_1.7.0/stm32cubeide/plugins/com.st.stm32cube.ide.mcu.externaltools.gnu-tools-for-stm32.9-2020-q2-update.win32_2.0.0.202105311346/tools/bin/../lib/gcc/arm-none-eabi/9.3.1/thumb/v7-m/nofp\libgcc.a
LOAD c:/st/stm32cubeide_1.7.0/stm32cubeide/plugins/com.st.stm32cube.ide.mcu.externaltools.gnu-tools-for-stm32.9-2020-q2-update.win32_2.0.0.202105311346/tools/bin/../lib/gcc/arm-none-eabi/9.3.1/../../../../arm-none-eabi/lib/thumb/v7-m/nofp\libc_nano.a
LOAD c:/st/stm32cubeide_1.7.0/stm32cubeide/plugins/com.st.stm32cube.ide.mcu.externaltools.gnu-tools-for-stm32.9-2020-q2-update.win32_2.0.0.202105311346/tools/bin/../lib/gcc/arm-none-eabi/9.3.1/../../../../arm-none-eabi/lib/thumb/v7-m/nofp\libnosys.a
END GROUP
LOAD c:/st/stm32cubeide_1.7.0/stm32cubeide/plugins/com.st.stm32cube.ide.mcu.externaltools.gnu-tools-for-stm32.9-2020-q2-update.win32_2.0.0.202105311346/tools/bin/../lib/gcc/arm-none-eabi/9.3.1/thumb/v7-m/nofp/crtend.o
LOAD c:/st/stm32cubeide_1.7.0/stm32cubeide/plugins/com.st.stm32cube.ide.mcu.externaltools.gnu-tools-for-stm32.9-2020-q2-update.win32_2.0.0.202105311346/tools/bin/../lib/gcc/arm-none-eabi/9.3.1/thumb/v7-m/nofp/crtn.o
                0x0000000020002800                _estack = (ORIGIN (RAM) + LENGTH (RAM))
                0x0000000000000200                _Min_Heap_Size = 0x200
                0x0000000000000400                _Min_Stack_Size = 0x400

.isr_vector     0x0000000008000000      0x10c
                0x0000000008000000                . = ALIGN (0x4)
 *(.isr_vector)
 .isr_vector    0x0000000008000000      0x10c ./Core/Startup/startup_stm32f103c6ux.o
                0x0000000008000000                g_pfnVectors
                0x000000000800010c                . = ALIGN (0x4)

.text           0x000000000800010c     0x2a2c
                0x000000000800010c                . = ALIGN (0x4)
 *(.text)
 .text          0x000000000800010c       0x40 c:/st/stm32cubeide_1.7.0/stm32cubeide/plugins/com.st.stm32cube.ide.mcu.externaltools.gnu-tools-for-stm32.9-2020-q2-update.win32_2.0.0.202105311346/tools/bin/../lib/gcc/arm-none-eabi/9.3.1/thumb/v7-m/nofp/crtbegin.o
 *(.text*)
 .text.buzzer_turn_on
                0x000000000800014c       0x18 ./Core/Src/buzzer.o
 .text.buzzer_turn_off
                0x0000000008000164       0x18 ./Core/Src/buzzer.o
 .text.is_mute_button_pressed
                0x000000000800017c       0x24 ./Core/Src/buzzer.o
 .text.Buzzer_Init
                0x00000000080001a0       0x2c ./Core/Src/buzzer.o
                0x00000000080001a0                Buzzer_Init
 .text.Buzzer_Activate
                0x00000000080001cc       0x20 ./Core/Src/buzzer.o
                0x00000000080001cc                Buzzer_Activate
 .text.Buzzer_Deactivate
                0x00000000080001ec       0x20 ./Core/Src/buzzer.o
                0x00000000080001ec                Buzzer_Deactivate
 .text.Buzzer_Run
                0x000000000800020c       0x60 ./Core/Src/buzzer.o
                0x000000000800020c                Buzzer_Run
 .text.is_door_open
                0x000000000800026c       0x20 ./Core/Src/door.o
 .text.lock_door
                0x000000000800028c       0x30 ./Core/Src/door.o
 .text.unlock_door
                0x00000000080002bc       0x30 ./Core/Src/door.o
 .text.led_blink_red
                0x00000000080002ec       0x3c ./Core/Src/door.o
 .text.activate_buzzer_alarm
                0x0000000008000328       0x18 ./Core/Src/door.o
 .text.deactivate_buzzer_alarm
                0x0000000008000340       0x18 ./Core/Src/door.o
 .text.door_init
                0x0000000008000358       0x4c ./Core/Src/door.o
                0x0000000008000358                door_init
 .text.update_lcd_lock_screen
                0x00000000080003a4       0x30 ./Core/Src/door.o
                0x00000000080003a4                update_lcd_lock_screen
 .text.door_fsm_run
                0x00000000080003d4      0x1a8 ./Core/Src/door.o
                0x00000000080003d4                door_fsm_run
 .text.LCD_Init
                0x000000000800057c       0x74 ./Core/Src/lcd.o
                0x000000000800057c                LCD_Init
 .text.LCD_Clear
                0x00000000080005f0       0x14 ./Core/Src/lcd.o
                0x00000000080005f0                LCD_Clear
 .text.LCD_SetCursor
                0x0000000008000604       0x3c ./Core/Src/lcd.o
                0x0000000008000604                LCD_SetCursor
 .text.LCD_Print
                0x0000000008000640       0x2a ./Core/Src/lcd.o
                0x0000000008000640                LCD_Print
 .text.LCD_PutChar
                0x000000000800066a       0x1a ./Core/Src/lcd.o
                0x000000000800066a                LCD_PutChar
 .text.LCD_PulseEnable
                0x0000000008000684       0x4c ./Core/Src/lcd.o
 .text.LCD_Write4Bits
                0x00000000080006d0       0x70 ./Core/Src/lcd.o
 .text.LCD_Send
                0x0000000008000740       0x4c ./Core/Src/lcd.o
 .text.LCD_SendCommand
                0x000000000800078c       0x1c ./Core/Src/lcd.o
                0x000000000800078c                LCD_SendCommand
 .text.LCD_SendData
                0x00000000080007a8       0x1c ./Core/Src/lcd.o
                0x00000000080007a8                LCD_SendData
 .text.main     0x00000000080007c4       0x40 ./Core/Src/main.o
                0x00000000080007c4                main
 .text.SystemClock_Config
                0x0000000008000804       0x76 ./Core/Src/main.o
                0x0000000008000804                SystemClock_Config
 *fill*         0x000000000800087a        0x2 
 .text.MX_TIM2_Init
                0x000000000800087c       0x98 ./Core/Src/main.o
 .text.MX_GPIO_Init
                0x0000000008000914       0xdc ./Core/Src/main.o
 .text.HAL_TIM_PeriodElapsedCallback
                0x00000000080009f0       0x14 ./Core/Src/main.o
                0x00000000080009f0                HAL_TIM_PeriodElapsedCallback
 .text.Error_Handler
                0x0000000008000a04        0xa ./Core/Src/main.o
                0x0000000008000a04                Error_Handler
 .text.lcd_show_message
                0x0000000008000a0e       0x32 ./Core/Src/password.o
 .text.lcd_show_password_mask
                0x0000000008000a40       0x8c ./Core/Src/password.o
 .text.pw_clear_input
                0x0000000008000acc       0x3c ./Core/Src/password.o
 .text.pw_shift_and_append
                0x0000000008000b08       0x50 ./Core/Src/password.o
 .text.pw_compare
                0x0000000008000b58       0x40 ./Core/Src/password.o
 .text.keypad_read_raw_key
                0x0000000008000b98      0x1c8 ./Core/Src/password.o
 .text.keypad_poll_new_digit
                0x0000000008000d60       0x7c ./Core/Src/password.o
 .text.is_enter_pressed
                0x0000000008000ddc        0xe ./Core/Src/password.o
 *fill*         0x0000000008000dea        0x2 
 .text.read_digit_from_input
                0x0000000008000dec       0x14 ./Core/Src/password.o
 .text.is_clear_pressed
                0x0000000008000e00       0x24 ./Core/Src/password.o
 .text.is_change_mode_requested
                0x0000000008000e24       0x24 ./Core/Src/password.o
 .text.password_init
                0x0000000008000e48       0x7c ./Core/Src/password.o
                0x0000000008000e48                password_init
 .text.password_fsm_run
                0x0000000008000ec4      0x304 ./Core/Src/password.o
                0x0000000008000ec4                password_fsm_run
 .text.password_is_correct_event
                0x00000000080011c8       0x24 ./Core/Src/password.o
                0x00000000080011c8                password_is_correct_event
 .text.password_is_locked
                0x00000000080011ec       0x20 ./Core/Src/password.o
                0x00000000080011ec                password_is_locked
 .text.password_is_intruder_alarm
                0x000000000800120c       0x14 ./Core/Src/password.o
                0x000000000800120c                password_is_intruder_alarm
 .text.setTimerDoor
                0x0000000008001220       0x28 ./Core/Src/software_timer.o
                0x0000000008001220                setTimerDoor
 .text.setTimerPassword
                0x0000000008001248       0x28 ./Core/Src/software_timer.o
                0x0000000008001248                setTimerPassword
 .text.timerRun
                0x0000000008001270       0xd4 ./Core/Src/software_timer.o
                0x0000000008001270                timerRun
 .text.HAL_MspInit
                0x0000000008001344       0x64 ./Core/Src/stm32f1xx_hal_msp.o
                0x0000000008001344                HAL_MspInit
 .text.HAL_TIM_Base_MspInit
                0x00000000080013a8       0x48 ./Core/Src/stm32f1xx_hal_msp.o
                0x00000000080013a8                HAL_TIM_Base_MspInit
 .text.NMI_Handler
                0x00000000080013f0        0x6 ./Core/Src/stm32f1xx_it.o
                0x00000000080013f0                NMI_Handler
 .text.HardFault_Handler
                0x00000000080013f6        0x6 ./Core/Src/stm32f1xx_it.o
                0x00000000080013f6                HardFault_Handler
 .text.MemManage_Handler
                0x00000000080013fc        0x6 ./Core/Src/stm32f1xx_it.o
                0x00000000080013fc                MemManage_Handler
 .text.BusFault_Handler
                0x0000000008001402        0x6 ./Core/Src/stm32f1xx_it.o
                0x0000000008001402                BusFault_Handler
 .text.UsageFault_Handler
                0x0000000008001408        0x6 ./Core/Src/stm32f1xx_it.o
                0x0000000008001408                UsageFault_Handler
 .text.SVC_Handler
                0x000000000800140e        0xc ./Core/Src/stm32f1xx_it.o
                0x000000000800140e                SVC_Handler
 .text.DebugMon_Handler
                0x000000000800141a        0xc ./Core/Src/stm32f1xx_it.o
                0x000000000800141a                DebugMon_Handler
 .text.PendSV_Handler
                0x0000000008001426        0xc ./Core/Src/stm32f1xx_it.o
                0x0000000008001426                PendSV_Handler
 .text.SysTick_Handler
                0x0000000008001432        0xc ./Core/Src/stm32f1xx_it.o
                0x0000000008001432                SysTick_Handler
 *fill*         0x000000000800143e        0x2 
 .text.TIM2_IRQHandler
                0x0000000008001440       0x14 ./Core/Src/stm32f1xx_it.o
                0x0000000008001440                TIM2_IRQHandler
 .text.SystemInit
                0x0000000008001454        0xc ./Core/Src/system_stm32f1xx.o
                0x0000000008001454                SystemInit
 .text.Reset_Handler
                0x0000000008001460       0x48 ./Core/Startup/startup_stm32f103c6ux.o
                0x0000000008001460                Reset_Handler
 .text.Default_Handler
                0x00000000080014a8        0x2 ./Core/Startup/startup_stm32f103c6ux.o
                0x00000000080014a8                RTC_Alarm_IRQHandler
                0x00000000080014a8                EXTI2_IRQHandler
                0x00000000080014a8                TIM1_CC_IRQHandler
                0x00000000080014a8                PVD_IRQHandler
                0x00000000080014a8                EXTI3_IRQHandler
                0x00000000080014a8                EXTI0_IRQHandler
                0x00000000080014a8                ADC1_2_IRQHandler
                0x00000000080014a8                SPI1_IRQHandler
                0x00000000080014a8                TAMPER_IRQHandler
                0x00000000080014a8                DMA1_Channel4_IRQHandler
                0x00000000080014a8                RTC_IRQHandler
                0x00000000080014a8                DMA1_Channel7_IRQHandler
                0x00000000080014a8                CAN1_RX1_IRQHandler
                0x00000000080014a8                I2C1_EV_IRQHandler
                0x00000000080014a8                DMA1_Channel6_IRQHandler
                0x00000000080014a8                TIM3_IRQHandler
                0x00000000080014a8                RCC_IRQHandler
                0x00000000080014a8                TIM1_TRG_COM_IRQHandler
                0x00000000080014a8                DMA1_Channel1_IRQHandler
                0x00000000080014a8                Default_Handler
                0x00000000080014a8                EXTI15_10_IRQHandler
                0x00000000080014a8                EXTI9_5_IRQHandler
                0x00000000080014a8                DMA1_Channel5_IRQHandler
                0x00000000080014a8                EXTI4_IRQHandler
                0x00000000080014a8                USB_LP_CAN1_RX0_IRQHandler
                0x00000000080014a8                USB_HP_CAN1_TX_IRQHandler
                0x00000000080014a8                DMA1_Channel3_IRQHandler
                0x00000000080014a8                TIM1_UP_IRQHandler
                0x00000000080014a8                WWDG_IRQHandler
                0x00000000080014a8                TIM1_BRK_IRQHandler
                0x00000000080014a8                EXTI1_IRQHandler
                0x00000000080014a8                USART2_IRQHandler
                0x00000000080014a8                DMA1_Channel2_IRQHandler
                0x00000000080014a8                CAN1_SCE_IRQHandler
                0x00000000080014a8                FLASH_IRQHandler
                0x00000000080014a8                USART1_IRQHandler
                0x00000000080014a8                I2C1_ER_IRQHandler
                0x00000000080014a8                USBWakeUp_IRQHandler
 *fill*         0x00000000080014aa        0x2 
 .text.HAL_Init
                0x00000000080014ac       0x2c ./Drivers/STM32F1xx_HAL_Driver/Src/stm32f1xx_hal.o
                0x00000000080014ac                HAL_Init
 .text.HAL_InitTick
                0x00000000080014d8       0x60 ./Drivers/STM32F1xx_HAL_Driver/Src/stm32f1xx_hal.o
                0x00000000080014d8                HAL_InitTick
 .text.HAL_IncTick
                0x0000000008001538       0x24 ./Drivers/STM32F1xx_HAL_Driver/Src/stm32f1xx_hal.o
                0x0000000008001538                HAL_IncTick
 .text.HAL_GetTick
                0x000000000800155c       0x14 ./Drivers/STM32F1xx_HAL_Driver/Src/stm32f1xx_hal.o
                0x000000000800155c                HAL_GetTick
 .text.HAL_Delay
                0x0000000008001570       0x48 ./Drivers/STM32F1xx_HAL_Driver/Src/stm32f1xx_hal.o
                0x0000000008001570                HAL_Delay
 .text.__NVIC_SetPriorityGrouping
                0x00000000080015b8       0x48 ./Drivers/STM32F1xx_HAL_Driver/Src/stm32f1xx_hal_cortex.o
 .text.__NVIC_GetPriorityGrouping
                0x0000000008001600       0x1c ./Drivers/STM32F1xx_HAL_Driver/Src/stm32f1xx_hal_cortex.o
 .text.__NVIC_EnableIRQ
                0x000000000800161c       0x38 ./Drivers/STM32F1xx_HAL_Driver/Src/stm32f1xx_hal_cortex.o
 .text.__NVIC_SetPriority
                0x0000000008001654       0x54 ./Drivers/STM32F1xx_HAL_Driver/Src/stm32f1xx_hal_cortex.o
 .text.NVIC_EncodePriority
                0x00000000080016a8       0x64 ./Drivers/STM32F1xx_HAL_Driver/Src/stm32f1xx_hal_cortex.o
 .text.SysTick_Config
                0x000000000800170c       0x44 ./Drivers/STM32F1xx_HAL_Driver/Src/stm32f1xx_hal_cortex.o
 .text.HAL_NVIC_SetPriorityGrouping
                0x0000000008001750       0x16 ./Drivers/STM32F1xx_HAL_Driver/Src/stm32f1xx_hal_cortex.o
                0x0000000008001750                HAL_NVIC_SetPriorityGrouping
 .text.HAL_NVIC_SetPriority
                0x0000000008001766       0x38 ./Drivers/STM32F1xx_HAL_Driver/Src/stm32f1xx_hal_cortex.o
                0x0000000008001766                HAL_NVIC_SetPriority
 .text.HAL_NVIC_EnableIRQ
                0x000000000800179e       0x1c ./Drivers/STM32F1xx_HAL_Driver/Src/stm32f1xx_hal_cortex.o
                0x000000000800179e                HAL_NVIC_EnableIRQ
 .text.HAL_SYSTICK_Config
                0x00000000080017ba       0x18 ./Drivers/STM32F1xx_HAL_Driver/Src/stm32f1xx_hal_cortex.o
                0x00000000080017ba                HAL_SYSTICK_Config
 *fill*         0x00000000080017d2        0x2 
 .text.HAL_GPIO_Init
                0x00000000080017d4      0x2f4 ./Drivers/STM32F1xx_HAL_Driver/Src/stm32f1xx_hal_gpio.o
                0x00000000080017d4                HAL_GPIO_Init
 .text.HAL_GPIO_ReadPin
                0x0000000008001ac8       0x2e ./Drivers/STM32F1xx_HAL_Driver/Src/stm32f1xx_hal_gpio.o
                0x0000000008001ac8                HAL_GPIO_ReadPin
 .text.HAL_GPIO_WritePin
                0x0000000008001af6       0x30 ./Drivers/STM32F1xx_HAL_Driver/Src/stm32f1xx_hal_gpio.o
                0x0000000008001af6                HAL_GPIO_WritePin
 .text.HAL_GPIO_TogglePin
                0x0000000008001b26       0x32 ./Drivers/STM32F1xx_HAL_Driver/Src/stm32f1xx_hal_gpio.o
                0x0000000008001b26                HAL_GPIO_TogglePin
 .text.HAL_RCC_OscConfig
                0x0000000008001b58      0x500 ./Drivers/STM32F1xx_HAL_Driver/Src/stm32f1xx_hal_rcc.o
                0x0000000008001b58                HAL_RCC_OscConfig
 .text.HAL_RCC_ClockConfig
                0x0000000008002058      0x1d4 ./Drivers/STM32F1xx_HAL_Driver/Src/stm32f1xx_hal_rcc.o
                0x0000000008002058                HAL_RCC_ClockConfig
 .text.HAL_RCC_GetSysClockFreq
                0x000000000800222c       0xa8 ./Drivers/STM32F1xx_HAL_Driver/Src/stm32f1xx_hal_rcc.o
                0x000000000800222c                HAL_RCC_GetSysClockFreq
 .text.RCC_Delay
                0x00000000080022d4       0x3c ./Drivers/STM32F1xx_HAL_Driver/Src/stm32f1xx_hal_rcc.o
 .text.HAL_TIM_Base_Init
                0x0000000008002310       0x9e ./Drivers/STM32F1xx_HAL_Driver/Src/stm32f1xx_hal_tim.o
                0x0000000008002310                HAL_TIM_Base_Init
 *fill*         0x00000000080023ae        0x2 
 .text.HAL_TIM_Base_Start_IT
                0x00000000080023b0       0x98 ./Drivers/STM32F1xx_HAL_Driver/Src/stm32f1xx_hal_tim.o
                0x00000000080023b0                HAL_TIM_Base_Start_IT
 .text.HAL_TIM_IRQHandler
                0x0000000008002448      0x1e0 ./Drivers/STM32F1xx_HAL_Driver/Src/stm32f1xx_hal_tim.o
                0x0000000008002448                HAL_TIM_IRQHandler
 .text.HAL_TIM_ConfigClockSource
                0x0000000008002628      0x18e ./Drivers/STM32F1xx_HAL_Driver/Src/stm32f1xx_hal_tim.o
                0x0000000008002628                HAL_TIM_ConfigClockSource
 .text.HAL_TIM_OC_DelayElapsedCallback
                0x00000000080027b6       0x12 ./Drivers/STM32F1xx_HAL_Driver/Src/stm32f1xx_hal_tim.o
                0x00000000080027b6                HAL_TIM_OC_DelayElapsedCallback
 .text.HAL_TIM_IC_CaptureCallback
                0x00000000080027c8       0x12 ./Drivers/STM32F1xx_HAL_Driver/Src/stm32f1xx_hal_tim.o
                0x00000000080027c8                HAL_TIM_IC_CaptureCallback
 .text.HAL_TIM_PWM_PulseFinishedCallback
                0x00000000080027da       0x12 ./Drivers/STM32F1xx_HAL_Driver/Src/stm32f1xx_hal_tim.o
                0x00000000080027da                HAL_TIM_PWM_PulseFinishedCallback
 .text.HAL_TIM_TriggerCallback
                0x00000000080027ec       0x12 ./Drivers/STM32F1xx_HAL_Driver/Src/stm32f1xx_hal_tim.o
                0x00000000080027ec                HAL_TIM_TriggerCallback
 *fill*         0x00000000080027fe        0x2 
 .text.TIM_Base_SetConfig
                0x0000000008002800       0xc8 ./Drivers/STM32F1xx_HAL_Driver/Src/stm32f1xx_hal_tim.o
                0x0000000008002800                TIM_Base_SetConfig
 .text.TIM_TI1_ConfigInputStage
                0x00000000080028c8       0x5c ./Drivers/STM32F1xx_HAL_Driver/Src/stm32f1xx_hal_tim.o
 .text.TIM_TI2_ConfigInputStage
                0x0000000008002924       0x5e ./Drivers/STM32F1xx_HAL_Driver/Src/stm32f1xx_hal_tim.o
 .text.TIM_ITRx_SetConfig
                0x0000000008002982       0x34 ./Drivers/STM32F1xx_HAL_Driver/Src/stm32f1xx_hal_tim.o
 .text.TIM_ETR_SetConfig
                0x00000000080029b6       0x3e ./Drivers/STM32F1xx_HAL_Driver/Src/stm32f1xx_hal_tim.o
                0x00000000080029b6                TIM_ETR_SetConfig
 .text.HAL_TIMEx_MasterConfigSynchronization
                0x00000000080029f4       0xb0 ./Drivers/STM32F1xx_HAL_Driver/Src/stm32f1xx_hal_tim_ex.o
                0x00000000080029f4                HAL_TIMEx_MasterConfigSynchronization
 .text.HAL_TIMEx_CommutCallback
                0x0000000008002aa4       0x12 ./Drivers/STM32F1xx_HAL_Driver/Src/stm32f1xx_hal_tim_ex.o
                0x0000000008002aa4                HAL_TIMEx_CommutCallback
 .text.HAL_TIMEx_BreakCallback
                0x0000000008002ab6       0x12 ./Drivers/STM32F1xx_HAL_Driver/Src/stm32f1xx_hal_tim_ex.o
                0x0000000008002ab6                HAL_TIMEx_BreakCallback
 .text.__libc_init_array
                0x0000000008002ac8       0x48 c:/st/stm32cubeide_1.7.0/stm32cubeide/plugins/com.st.stm32cube.ide.mcu.externaltools.gnu-tools-for-stm32.9-2020-q2-update.win32_2.0.0.202105311346/tools/bin/../lib/gcc/arm-none-eabi/9.3.1/../../../../arm-none-eabi/lib/thumb/v7-m/nofp\libc_nano.a(lib_a-init.o)
                0x0000000008002ac8                __libc_init_array
 .text.memset   0x0000000008002b10       0x10 c:/st/stm32cubeide_1.7.0/stm32cubeide/plugins/com.st.stm32cube.ide.mcu.externaltools.gnu-tools-for-stm32.9-2020-q2-update.win32_2.0.0.202105311346/tools/bin/../lib/gcc/arm-none-eabi/9.3.1/../../../../arm-none-eabi/lib/thumb/v7-m/nofp\libc_nano.a(lib_a-memset.o)
                0x0000000008002b10                memset
 *(.glue_7)
 .glue_7        0x0000000008002b20        0x0 linker stubs
 *(.glue_7t)
 .glue_7t       0x0000000008002b20        0x0 linker stubs
 *(.eh_frame)
 .eh_frame      0x0000000008002b20        0x0 c:/st/stm32cubeide_1.7.0/stm32cubeide/plugins/com.st.stm32cube.ide.mcu.externaltools.gnu-tools-for-stm32.9-2020-q2-update.win32_2.0.0.202105311346/tools/bin/../lib/gcc/arm-none-eabi/9.3.1/thumb/v7-m/nofp/crtbegin.o
 *(.init)
 .init          0x0000000008002b20        0x4 c:/st/stm32cubeide_1.7.0/stm32cubeide/plugins/com.st.stm32cube.ide.mcu.externaltools.gnu-tools-for-stm32.9-2020-q2-update.win32_2.0.0.202105311346/tools/bin/../lib/gcc/arm-none-eabi/9.3.1/thumb/v7-m/nofp/crti.o
                0x0000000008002b20                _init
 .init          0x0000000008002b24        0x8 c:/st/stm32cubeide_1.7.0/stm32cubeide/plugins/com.st.stm32cube.ide.mcu.externaltools.gnu-tools-for-stm32.9-2020-q2-update.win32_2.0.0.202105311346/tools/bin/../lib/gcc/arm-none-eabi/9.3.1/thumb/v7-m/nofp/crtn.o
 *(.fini)
 .fini          0x0000000008002b2c        0x4 c:/st/stm32cubeide_1.7.0/stm32cubeide/plugins/com.st.stm32cube.ide.mcu.externaltools.gnu-tools-for-stm32.9-2020-q2-update.win32_2.0.0.202105311346/tools/bin/../lib/gcc/arm-none-eabi/9.3.1/thumb/v7-m/nofp/crti.o
                0x0000000008002b2c                _fini
 .fini          0x0000000008002b30        0x8 c:/st/stm32cubeide_1.7.0/stm32cubeide/plugins/com.st.stm32cube.ide.mcu.externaltools.gnu-tools-for-stm32.9-2020-q2-update.win32_2.0.0.202105311346/tools/bin/../lib/gcc/arm-none-eabi/9.3.1/thumb/v7-m/nofp/crtn.o
                0x0000000008002b38                . = ALIGN (0x4)
                0x0000000008002b38                _etext = .

.vfp11_veneer   0x0000000008002b38        0x0
 .vfp11_veneer  0x0000000008002b38        0x0 linker stubs

.v4_bx          0x0000000008002b38        0x0
 .v4_bx         0x0000000008002b38        0x0 linker stubs

.iplt           0x0000000008002b38        0x0
 .iplt          0x0000000008002b38        0x0 c:/st/stm32cubeide_1.7.0/stm32cubeide/plugins/com.st.stm32cube.ide.mcu.externaltools.gnu-tools-for-stm32.9-2020-q2-update.win32_2.0.0.202105311346/tools/bin/../lib/gcc/arm-none-eabi/9.3.1/thumb/v7-m/nofp/crtbegin.o

.rodata         0x0000000008002b38      0x19c
                0x0000000008002b38                . = ALIGN (0x4)
 *(.rodata)
 .rodata        0x0000000008002b38       0x6c ./Core/Src/door.o
 .rodata        0x0000000008002ba4      0x10c ./Core/Src/password.o
 *(.rodata*)
 .rodata.AHBPrescTable
                0x0000000008002cb0       0x10 ./Core/Src/system_stm32f1xx.o
                0x0000000008002cb0                AHBPrescTable
 .rodata.aPLLMULFactorTable.6032
                0x0000000008002cc0       0x10 ./Drivers/STM32F1xx_HAL_Driver/Src/stm32f1xx_hal_rcc.o
 .rodata.aPredivFactorTable.6033
                0x0000000008002cd0        0x2 ./Drivers/STM32F1xx_HAL_Driver/Src/stm32f1xx_hal_rcc.o
                0x0000000008002cd4                . = ALIGN (0x4)
 *fill*         0x0000000008002cd2        0x2 

.rel.dyn        0x0000000008002cd4        0x0
 .rel.iplt      0x0000000008002cd4        0x0 c:/st/stm32cubeide_1.7.0/stm32cubeide/plugins/com.st.stm32cube.ide.mcu.externaltools.gnu-tools-for-stm32.9-2020-q2-update.win32_2.0.0.202105311346/tools/bin/../lib/gcc/arm-none-eabi/9.3.1/thumb/v7-m/nofp/crtbegin.o

.ARM.extab      0x0000000008002cd4        0x0
                0x0000000008002cd4                . = ALIGN (0x4)
 *(.ARM.extab* .gnu.linkonce.armextab.*)
                0x0000000008002cd4                . = ALIGN (0x4)

.ARM            0x0000000008002cd4        0x0
                0x0000000008002cd4                . = ALIGN (0x4)
                0x0000000008002cd4                __exidx_start = .
 *(.ARM.exidx*)
                0x0000000008002cd4                __exidx_end = .
                0x0000000008002cd4                . = ALIGN (0x4)

.preinit_array  0x0000000008002cd4        0x0
                0x0000000008002cd4                . = ALIGN (0x4)
                0x0000000008002cd4                PROVIDE (__preinit_array_start = .)
 *(.preinit_array*)
                0x0000000008002cd4                PROVIDE (__preinit_array_end = .)
                0x0000000008002cd4                . = ALIGN (0x4)

.init_array     0x0000000008002cd4        0x4
                0x0000000008002cd4                . = ALIGN (0x4)
                0x0000000008002cd4                PROVIDE (__init_array_start = .)
 *(SORT_BY_NAME(.init_array.*))
 *(.init_array*)
 .init_array    0x0000000008002cd4        0x4 c:/st/stm32cubeide_1.7.0/stm32cubeide/plugins/com.st.stm32cube.ide.mcu.externaltools.gnu-tools-for-stm32.9-2020-q2-update.win32_2.0.0.202105311346/tools/bin/../lib/gcc/arm-none-eabi/9.3.1/thumb/v7-m/nofp/crtbegin.o
                0x0000000008002cd8                PROVIDE (__init_array_end = .)
                0x0000000008002cd8                . = ALIGN (0x4)

.fini_array     0x0000000008002cd8        0x4
                0x0000000008002cd8                . = ALIGN (0x4)
                [!provide]                        PROVIDE (__fini_array_start = .)
 *(SORT_BY_NAME(.fini_array.*))
 *(.fini_array*)
 .fini_array    0x0000000008002cd8        0x4 c:/st/stm32cubeide_1.7.0/stm32cubeide/plugins/com.st.stm32cube.ide.mcu.externaltools.gnu-tools-for-stm32.9-2020-q2-update.win32_2.0.0.202105311346/tools/bin/../lib/gcc/arm-none-eabi/9.3.1/thumb/v7-m/nofp/crtbegin.o
                [!provide]                        PROVIDE (__fini_array_end = .)
                0x0000000008002cdc                . = ALIGN (0x4)
                0x0000000008002cdc                _sidata = LOADADDR (.data)

.data           0x0000000020000000       0x14 load address 0x0000000008002cdc
                0x0000000020000000                . = ALIGN (0x4)
                0x0000000020000000                _sdata = .
 *(.data)
 *(.data*)
 .data.current_pw
                0x0000000020000000        0x4 ./Core/Src/password.o
 .data.current_lock_time
                0x0000000020000004        0x4 ./Core/Src/password.o
 .data.SystemCoreClock
                0x0000000020000008        0x4 ./Core/Src/system_stm32f1xx.o
                0x0000000020000008                SystemCoreClock
 .data.uwTickPrio
                0x000000002000000c        0x4 ./Drivers/STM32F1xx_HAL_Driver/Src/stm32f1xx_hal.o
                0x000000002000000c                uwTickPrio
 .data.uwTickFreq
                0x0000000020000010        0x1 ./Drivers/STM32F1xx_HAL_Driver/Src/stm32f1xx_hal.o
                0x0000000020000010                uwTickFreq
 *(.RamFunc)
 *(.RamFunc*)
                0x0000000020000014                . = ALIGN (0x4)
 *fill*         0x0000000020000011        0x3 
                0x0000000020000014                _edata = .

.igot.plt       0x0000000020000014        0x0 load address 0x0000000008002cf0
 .igot.plt      0x0000000020000014        0x0 c:/st/stm32cubeide_1.7.0/stm32cubeide/plugins/com.st.stm32cube.ide.mcu.externaltools.gnu-tools-for-stm32.9-2020-q2-update.win32_2.0.0.202105311346/tools/bin/../lib/gcc/arm-none-eabi/9.3.1/thumb/v7-m/nofp/crtbegin.o
                0x0000000020000014                . = ALIGN (0x4)

.bss            0x0000000020000014       0xd0 load address 0x0000000008002cf0
                0x0000000020000014                _sbss = .
                0x0000000020000014                __bss_start__ = _sbss
 *(.bss)
 .bss           0x0000000020000014       0x1c c:/st/stm32cubeide_1.7.0/stm32cubeide/plugins/com.st.stm32cube.ide.mcu.externaltools.gnu-tools-for-stm32.9-2020-q2-update.win32_2.0.0.202105311346/tools/bin/../lib/gcc/arm-none-eabi/9.3.1/thumb/v7-m/nofp/crtbegin.o
 *(.bss*)
 .bss.buzzer_active
                0x0000000020000030        0x4 ./Core/Src/buzzer.o
 .bss.buzzer_muted
                0x0000000020000034        0x4 ./Core/Src/buzzer.o
 .bss.mute_button_pressed
                0x0000000020000038        0x4 ./Core/Src/buzzer.o
 .bss.door_state
                0x000000002000003c        0x1 ./Core/Src/door.o
 *fill*         0x000000002000003d        0x3 
 .bss.buzzer_alarm_active
                0x0000000020000040        0x4 ./Core/Src/door.o
 .bss.last_toggle.7057
                0x0000000020000044        0x4 ./Core/Src/door.o
 .bss.input_pw  0x0000000020000048        0x4 ./Core/Src/password.o
 .bss.digits_entered
                0x000000002000004c        0x1 ./Core/Src/password.o
 *fill*         0x000000002000004d        0x3 
 .bss.new_pw_candidate
                0x0000000020000050        0x4 ./Core/Src/password.o
 .bss.pw_state  0x0000000020000054        0x1 ./Core/Src/password.o
 .bss.pw_mode   0x0000000020000055        0x1 ./Core/Src/password.o
 .bss.wrong_attempts
                0x0000000020000056        0x1 ./Core/Src/password.o
 *fill*         0x0000000020000057        0x1 
 .bss.pw_correct_flag
                0x0000000020000058        0x4 ./Core/Src/password.o
 .bss.intruder_alarm_flag
                0x000000002000005c        0x4 ./Core/Src/password.o
 .bss.keypad_was_pressed
                0x0000000020000060        0x4 ./Core/Src/password.o
 .bss.last_digit_event
                0x0000000020000064        0x1 ./Core/Src/password.o
 *fill*         0x0000000020000065        0x3 
 .bss.clear_event_pending
                0x0000000020000068        0x4 ./Core/Src/password.o
 .bss.change_mode_request
                0x000000002000006c        0x4 ./Core/Src/password.o
 .bss.timer1_counter
                0x0000000020000070        0x4 ./Core/Src/software_timer.o
                0x0000000020000070                timer1_counter
 .bss.timer1_flag
                0x0000000020000074        0x4 ./Core/Src/software_timer.o
                0x0000000020000074                timer1_flag
 .bss.timer_debounce_counter
                0x0000000020000078        0x4 ./Core/Src/software_timer.o
                0x0000000020000078                timer_debounce_counter
 .bss.timer_debounce_flag
                0x000000002000007c        0x4 ./Core/Src/software_timer.o
                0x000000002000007c                timer_debounce_flag
 .bss.timer_door_counter
                0x0000000020000080        0x4 ./Core/Src/software_timer.o
                0x0000000020000080                timer_door_counter
 .bss.timer_door_flag
                0x0000000020000084        0x4 ./Core/Src/software_timer.o
                0x0000000020000084                timer_door_flag
 .bss.timer_password_counter
                0x0000000020000088        0x4 ./Core/Src/software_timer.o
                0x0000000020000088                timer_password_counter
 .bss.timer_password_flag
                0x000000002000008c        0x4 ./Core/Src/software_timer.o
                0x000000002000008c                timer_password_flag
 .bss.timer_lcd_display_counter
                0x0000000020000090        0x4 ./Core/Src/software_timer.o
                0x0000000020000090                timer_lcd_display_counter
 .bss.timer_lcd_display_flag
                0x0000000020000094        0x4 ./Core/Src/software_timer.o
                0x0000000020000094                timer_lcd_display_flag
 *(COMMON)
 COMMON         0x0000000020000098       0x48 ./Core/Src/main.o
                0x0000000020000098                htim2
 COMMON         0x00000000200000e0        0x4 ./Drivers/STM32F1xx_HAL_Driver/Src/stm32f1xx_hal.o
                0x00000000200000e0                uwTick
                0x00000000200000e4                . = ALIGN (0x4)
                0x00000000200000e4                _ebss = .
                0x00000000200000e4                __bss_end__ = _ebss

._user_heap_stack
                0x00000000200000e4      0x604 load address 0x0000000008002cf0
                0x00000000200000e8                . = ALIGN (0x8)
 *fill*         0x00000000200000e4        0x4 
                [!provide]                        PROVIDE (end = .)
                0x00000000200000e8                PROVIDE (_end = .)
                0x00000000200002e8                . = (. + _Min_Heap_Size)
 *fill*         0x00000000200000e8      0x200 
                0x00000000200006e8                . = (. + _Min_Stack_Size)
 *fill*         0x00000000200002e8      0x400 
                0x00000000200006e8                . = ALIGN (0x8)

/DISCARD/
 libc.a(*)
 libm.a(*)
 libgcc.a(*)

.ARM.attributes
                0x0000000000000000       0x29
 *(.ARM.attributes)
 .ARM.attributes
                0x0000000000000000       0x1d c:/st/stm32cubeide_1.7.0/stm32cubeide/plugins/com.st.stm32cube.ide.mcu.externaltools.gnu-tools-for-stm32.9-2020-q2-update.win32_2.0.0.202105311346/tools/bin/../lib/gcc/arm-none-eabi/9.3.1/thumb/v7-m/nofp/crti.o
 .ARM.attributes
                0x000000000000001d       0x2d c:/st/stm32cubeide_1.7.0/stm32cubeide/plugins/com.st.stm32cube.ide.mcu.externaltools.gnu-tools-for-stm32.9-2020-q2-update.win32_2.0.0.202105311346/tools/bin/../lib/gcc/arm-none-eabi/9.3.1/thumb/v7-m/nofp/crtbegin.o
 .ARM.attributes
                0x000000000000004a       0x2d ./Core/Src/buzzer.o
 .ARM.attributes
                0x0000000000000077       0x2d ./Core/Src/door.o
 .ARM.attributes
                0x00000000000000a4       0x2d ./Core/Src/lcd.o
 .ARM.attributes
                0x00000000000000d1       0x2d ./Core/Src/main.o
 .ARM.attributes
                0x00000000000000fe       0x2d ./Core/Src/password.o
 .ARM.attributes
                0x000000000000012b       0x2d ./Core/Src/software_timer.o
 .ARM.attributes
                0x0000000000000158       0x2d ./Core/Src/stm32f1xx_hal_msp.o
 .ARM.attributes
                0x0000000000000185       0x2d ./Core/Src/stm32f1xx_it.o
 .ARM.attributes
                0x00000000000001b2       0x2d ./Core/Src/system_stm32f1xx.o
 .ARM.attributes
                0x00000000000001df       0x21 ./Core/Startup/startup_stm32f103c6ux.o
 .ARM.attributes
                0x0000000000000200       0x2d ./Drivers/STM32F1xx_HAL_Driver/Src/stm32f1xx_hal.o
 .ARM.attributes
                0x000000000000022d       0x2d ./Drivers/STM32F1xx_HAL_Driver/Src/stm32f1xx_hal_cortex.o
 .ARM.attributes
                0x000000000000025a       0x2d ./Drivers/STM32F1xx_HAL_Driver/Src/stm32f1xx_hal_gpio.o
 .ARM.attributes
                0x0000000000000287       0x2d ./Drivers/STM32F1xx_HAL_Driver/Src/stm32f1xx_hal_rcc.o
 .ARM.attributes
                0x00000000000002b4       0x2d ./Drivers/STM32F1xx_HAL_Driver/Src/stm32f1xx_hal_tim.o
 .ARM.attributes
                0x00000000000002e1       0x2d ./Drivers/STM32F1xx_HAL_Driver/Src/stm32f1xx_hal_tim_ex.o
 .ARM.attributes
                0x000000000000030e       0x2d c:/st/stm32cubeide_1.7.0/stm32cubeide/plugins/com.st.stm32cube.ide.mcu.externaltools.gnu-tools-for-stm32.9-2020-q2-update.win32_2.0.0.202105311346/tools/bin/../lib/gcc/arm-none-eabi/9.3.1/../../../../arm-none-eabi/lib/thumb/v7-m/nofp\libc_nano.a(lib_a-init.o)
 .ARM.attributes
                0x000000000000033b       0x2d c:/st/stm32cubeide_1.7.0/stm32cubeide/plugins/com.st.stm32cube.ide.mcu.externaltools.gnu-tools-for-stm32.9-2020-q2-update.win32_2.0.0.202105311346/tools/bin/../lib/gcc/arm-none-eabi/9.3.1/../../../../arm-none-eabi/lib/thumb/v7-m/nofp\libc_nano.a(lib_a-memset.o)
 .ARM.attributes
                0x0000000000000368       0x1d c:/st/stm32cubeide_1.7.0/stm32cubeide/plugins/com.st.stm32cube.ide.mcu.externaltools.gnu-tools-for-stm32.9-2020-q2-update.win32_2.0.0.202105311346/tools/bin/../lib/gcc/arm-none-eabi/9.3.1/thumb/v7-m/nofp/crtn.o
OUTPUT(Door-System.elf elf32-littlearm)
LOAD linker stubs
LOAD c:/st/stm32cubeide_1.7.0/stm32cubeide/plugins/com.st.stm32cube.ide.mcu.externaltools.gnu-tools-for-stm32.9-2020-q2-update.win32_2.0.0.202105311346/tools/bin/../lib/gcc/arm-none-eabi/9.3.1/../../../../arm-none-eabi/lib/thumb/v7-m/nofp\libc.a
LOAD c:/st/stm32cubeide_1.7.0/stm32cubeide/plugins/com.st.stm32cube.ide.mcu.externaltools.gnu-tools-for-stm32.9-2020-q2-update.win32_2.0.0.202105311346/tools/bin/../lib/gcc/arm-none-eabi/9.3.1/../../../../arm-none-eabi/lib/thumb/v7-m/nofp\libm.a
LOAD c:/st/stm32cubeide_1.7.0/stm32cubeide/plugins/com.st.stm32cube.ide.mcu.externaltools.gnu-tools-for-stm32.9-2020-q2-update.win32_2.0.0.202105311346/tools/bin/../lib/gcc/arm-none-eabi/9.3.1/thumb/v7-m/nofp\libgcc.a

.debug_info     0x0000000000000000     0xcd4a
 .debug_info    0x0000000000000000      0xbd9 ./Core/Src/buzzer.o
 .debug_info    0x0000000000000bd9      0xc2e ./Core/Src/door.o
 .debug_info    0x0000000000001807      0xcb1 ./Core/Src/lcd.o
 .debug_info    0x00000000000024b8     0x146f ./Core/Src/main.o
 .debug_info    0x0000000000003927      0xf69 ./Core/Src/password.o
 .debug_info    0x0000000000004890      0xbc9 ./Core/Src/software_timer.o
 .debug_info    0x0000000000005459      0xa09 ./Core/Src/stm32f1xx_hal_msp.o
 .debug_info    0x0000000000005e62      0x7b9 ./Core/Src/stm32f1xx_it.o
 .debug_info    0x000000000000661b      0x2be ./Core/Src/system_stm32f1xx.o
 .debug_info    0x00000000000068d9       0x22 ./Core/Startup/startup_stm32f103c6ux.o
 .debug_info    0x00000000000068fb      0x74c ./Drivers/STM32F1xx_HAL_Driver/Src/stm32f1xx_hal.o
 .debug_info    0x0000000000007047      0xbbe ./Drivers/STM32F1xx_HAL_Driver/Src/stm32f1xx_hal_cortex.o
 .debug_info    0x0000000000007c05      0x701 ./Drivers/STM32F1xx_HAL_Driver/Src/stm32f1xx_hal_gpio.o
 .debug_info    0x0000000000008306      0x893 ./Drivers/STM32F1xx_HAL_Driver/Src/stm32f1xx_hal_rcc.o
 .debug_info    0x0000000000008b99     0x2c32 ./Drivers/STM32F1xx_HAL_Driver/Src/stm32f1xx_hal_tim.o
 .debug_info    0x000000000000b7cb     0x157f ./Drivers/STM32F1xx_HAL_Driver/Src/stm32f1xx_hal_tim_ex.o

.debug_abbrev   0x0000000000000000     0x2155
 .debug_abbrev  0x0000000000000000      0x23f ./Core/Src/buzzer.o
 .debug_abbrev  0x000000000000023f      0x234 ./Core/Src/door.o
 .debug_abbrev  0x0000000000000473      0x254 ./Core/Src/lcd.o
 .debug_abbrev  0x00000000000006c7      0x298 ./Core/Src/main.o
 .debug_abbrev  0x000000000000095f      0x31d ./Core/Src/password.o
 .debug_abbrev  0x0000000000000c7c      0x22d ./Core/Src/software_timer.o
 .debug_abbrev  0x0000000000000ea9      0x1b7 ./Core/Src/stm32f1xx_hal_msp.o
 .debug_abbrev  0x0000000000001060      0x176 ./Core/Src/stm32f1xx_it.o
 .debug_abbrev  0x00000000000011d6      0x14e ./Core/Src/system_stm32f1xx.o
 .debug_abbrev  0x0000000000001324       0x12 ./Core/Startup/startup_stm32f103c6ux.o
 .debug_abbrev  0x0000000000001336      0x1ed ./Drivers/STM32F1xx_HAL_Driver/Src/stm32f1xx_hal.o
 .debug_abbrev  0x0000000000001523      0x313 ./Drivers/STM32F1xx_HAL_Driver/Src/stm32f1xx_hal_cortex.o
 .debug_abbrev  0x0000000000001836      0x1e8 ./Drivers/STM32F1xx_HAL_Driver/Src/stm32f1xx_hal_gpio.o
 .debug_abbrev  0x0000000000001a1e      0x273 ./Drivers/STM32F1xx_HAL_Driver/Src/stm32f1xx_hal_rcc.o
 .debug_abbrev  0x0000000000001c91      0x25e ./Drivers/STM32F1xx_HAL_Driver/Src/stm32f1xx_hal_tim.o
 .debug_abbrev  0x0000000000001eef      0x266 ./Drivers/STM32F1xx_HAL_Driver/Src/stm32f1xx_hal_tim_ex.o

.debug_aranges  0x0000000000000000      0xb30
 .debug_aranges
                0x0000000000000000       0x58 ./Core/Src/buzzer.o
 .debug_aranges
                0x0000000000000058       0x60 ./Core/Src/door.o
 .debug_aranges
                0x00000000000000b8       0x68 ./Core/Src/lcd.o
 .debug_aranges
                0x0000000000000120       0x48 ./Core/Src/main.o
 .debug_aranges
                0x0000000000000168       0x98 ./Core/Src/password.o
 .debug_aranges
                0x0000000000000200       0x48 ./Core/Src/software_timer.o
 .debug_aranges
                0x0000000000000248       0x30 ./Core/Src/stm32f1xx_hal_msp.o
 .debug_aranges
                0x0000000000000278       0x68 ./Core/Src/stm32f1xx_it.o
 .debug_aranges
                0x00000000000002e0       0x28 ./Core/Src/system_stm32f1xx.o
 .debug_aranges
                0x0000000000000308       0x28 ./Core/Startup/startup_stm32f103c6ux.o
 .debug_aranges
                0x0000000000000330       0xe0 ./Drivers/STM32F1xx_HAL_Driver/Src/stm32f1xx_hal.o
 .debug_aranges
                0x0000000000000410      0x100 ./Drivers/STM32F1xx_HAL_Driver/Src/stm32f1xx_hal_cortex.o
 .debug_aranges
                0x0000000000000510       0x58 ./Drivers/STM32F1xx_HAL_Driver/Src/stm32f1xx_hal_gpio.o
 .debug_aranges
                0x0000000000000568       0x90 ./Drivers/STM32F1xx_HAL_Driver/Src/stm32f1xx_hal_rcc.o
 .debug_aranges
                0x00000000000005f8      0x3d0 ./Drivers/STM32F1xx_HAL_Driver/Src/stm32f1xx_hal_tim.o
 .debug_aranges
                0x00000000000009c8      0x168 ./Drivers/STM32F1xx_HAL_Driver/Src/stm32f1xx_hal_tim_ex.o

.debug_ranges   0x0000000000000000      0xa68
 .debug_ranges  0x0000000000000000       0x48 ./Core/Src/buzzer.o
 .debug_ranges  0x0000000000000048       0x50 ./Core/Src/door.o
 .debug_ranges  0x0000000000000098       0x58 ./Core/Src/lcd.o
 .debug_ranges  0x00000000000000f0       0x38 ./Core/Src/main.o
 .debug_ranges  0x0000000000000128       0xb8 ./Core/Src/password.o
 .debug_ranges  0x00000000000001e0       0x38 ./Core/Src/software_timer.o
 .debug_ranges  0x0000000000000218       0x20 ./Core/Src/stm32f1xx_hal_msp.o
 .debug_ranges  0x0000000000000238       0x58 ./Core/Src/stm32f1xx_it.o
 .debug_ranges  0x0000000000000290       0x18 ./Core/Src/system_stm32f1xx.o
 .debug_ranges  0x00000000000002a8       0x20 ./Core/Startup/startup_stm32f103c6ux.o
 .debug_ranges  0x00000000000002c8       0xd0 ./Drivers/STM32F1xx_HAL_Driver/Src/stm32f1xx_hal.o
 .debug_ranges  0x0000000000000398       0xf0 ./Drivers/STM32F1xx_HAL_Driver/Src/stm32f1xx_hal_cortex.o
 .debug_ranges  0x0000000000000488       0x48 ./Drivers/STM32F1xx_HAL_Driver/Src/stm32f1xx_hal_gpio.o
 .debug_ranges  0x00000000000004d0       0x80 ./Drivers/STM32F1xx_HAL_Driver/Src/stm32f1xx_hal_rcc.o
 .debug_ranges  0x0000000000000550      0x3c0 ./Drivers/STM32F1xx_HAL_Driver/Src/stm32f1xx_hal_tim.o
 .debug_ranges  0x0000000000000910      0x158 ./Drivers/STM32F1xx_HAL_Driver/Src/stm32f1xx_hal_tim_ex.o

.debug_macro    0x0000000000000000    0x18257
 .debug_macro   0x0000000000000000      0x375 ./Core/Src/buzzer.o
 .debug_macro   0x0000000000000375      0xa9c ./Core/Src/buzzer.o
 .debug_macro   0x0000000000000e11      0x215 ./Core/Src/buzzer.o
 .debug_macro   0x0000000000001026       0x2e ./Core/Src/buzzer.o
 .debug_macro   0x0000000000001054       0x22 ./Core/Src/buzzer.o
 .debug_macro   0x0000000000001076       0x22 ./Core/Src/buzzer.o
 .debug_macro   0x0000000000001098       0x8e ./Core/Src/buzzer.o
 .debug_macro   0x0000000000001126       0x51 ./Core/Src/buzzer.o
 .debug_macro   0x0000000000001177      0x103 ./Core/Src/buzzer.o
 .debug_macro   0x000000000000127a       0x6a ./Core/Src/buzzer.o
 .debug_macro   0x00000000000012e4      0x1df ./Core/Src/buzzer.o
 .debug_macro   0x00000000000014c3       0x1c ./Core/Src/buzzer.o
 .debug_macro   0x00000000000014df       0x22 ./Core/Src/buzzer.o
 .debug_macro   0x0000000000001501       0xc3 ./Core/Src/buzzer.o
 .debug_macro   0x00000000000015c4      0xd23 ./Core/Src/buzzer.o
 .debug_macro   0x00000000000022e7     0xde75 ./Core/Src/buzzer.o
 .debug_macro   0x000000000001015c       0x6d ./Core/Src/buzzer.o
 .debug_macro   0x00000000000101c9     0x34a2 ./Core/Src/buzzer.o
 .debug_macro   0x000000000001366b      0x174 ./Core/Src/buzzer.o
 .debug_macro   0x00000000000137df       0x5c ./Core/Src/buzzer.o
 .debug_macro   0x000000000001383b      0x5bc ./Core/Src/buzzer.o
 .debug_macro   0x0000000000013df7      0x1b7 ./Core/Src/buzzer.o
 .debug_macro   0x0000000000013fae      0x1cb ./Core/Src/buzzer.o
 .debug_macro   0x0000000000014179      0x114 ./Core/Src/buzzer.o
 .debug_macro   0x000000000001428d      0x1b2 ./Core/Src/buzzer.o
 .debug_macro   0x000000000001443f       0x27 ./Core/Src/buzzer.o
 .debug_macro   0x0000000000014466      0x12f ./Core/Src/buzzer.o
 .debug_macro   0x0000000000014595      0x1bc ./Core/Src/buzzer.o
 .debug_macro   0x0000000000014751       0x34 ./Core/Src/buzzer.o
 .debug_macro   0x0000000000014785       0x3c ./Core/Src/buzzer.o
 .debug_macro   0x00000000000147c1       0x57 ./Core/Src/buzzer.o
 .debug_macro   0x0000000000014818       0x87 ./Core/Src/buzzer.o
 .debug_macro   0x000000000001489f      0x183 ./Core/Src/buzzer.o
 .debug_macro   0x0000000000014a22      0x140 ./Core/Src/buzzer.o
 .debug_macro   0x0000000000014b62      0x8ed ./Core/Src/buzzer.o
 .debug_macro   0x000000000001544f       0x69 ./Core/Src/buzzer.o
 .debug_macro   0x00000000000154b8       0xe8 ./Core/Src/buzzer.o
 .debug_macro   0x00000000000155a0       0x52 ./Core/Src/buzzer.o
 .debug_macro   0x00000000000155f2       0x18 ./Core/Src/buzzer.o
 .debug_macro   0x000000000001560a       0x3c ./Core/Src/buzzer.o
 .debug_macro   0x0000000000015646       0x34 ./Core/Src/buzzer.o
 .debug_macro   0x000000000001567a       0x16 ./Core/Src/buzzer.o
 .debug_macro   0x0000000000015690       0x35 ./Core/Src/buzzer.o
 .debug_macro   0x00000000000156c5      0x333 ./Core/Src/buzzer.o
 .debug_macro   0x00000000000159f8       0x10 ./Core/Src/buzzer.o
 .debug_macro   0x0000000000015a08       0x16 ./Core/Src/buzzer.o
 .debug_macro   0x0000000000015a1e       0x43 ./Core/Src/buzzer.o
 .debug_macro   0x0000000000015a61       0x34 ./Core/Src/buzzer.o
 .debug_macro   0x0000000000015a95       0x10 ./Core/Src/buzzer.o
 .debug_macro   0x0000000000015aa5       0x58 ./Core/Src/buzzer.o
 .debug_macro   0x0000000000015afd       0x71 ./Core/Src/buzzer.o
 .debug_macro   0x0000000000015b6e       0x1c ./Core/Src/buzzer.o
 .debug_macro   0x0000000000015b8a      0x12a ./Core/Src/buzzer.o
 .debug_macro   0x0000000000015cb4       0x10 ./Core/Src/buzzer.o
 .debug_macro   0x0000000000015cc4       0x1c ./Core/Src/buzzer.o
 .debug_macro   0x0000000000015ce0       0x52 ./Core/Src/buzzer.o
 .debug_macro   0x0000000000015d32       0x22 ./Core/Src/buzzer.o
 .debug_macro   0x0000000000015d54       0x10 ./Core/Src/buzzer.o
 .debug_macro   0x0000000000015d64       0x40 ./Core/Src/buzzer.o
 .debug_macro   0x0000000000015da4       0xd5 ./Core/Src/buzzer.o
 .debug_macro   0x0000000000015e79       0x1c ./Core/Src/buzzer.o
 .debug_macro   0x0000000000015e95       0x3d ./Core/Src/buzzer.o
 .debug_macro   0x0000000000015ed2       0x16 ./Core/Src/buzzer.o
 .debug_macro   0x0000000000015ee8      0x145 ./Core/Src/buzzer.o
 .debug_macro   0x000000000001602d       0x22 ./Core/Src/buzzer.o
 .debug_macro   0x000000000001604f       0x34 ./Core/Src/buzzer.o
 .debug_macro   0x0000000000016083      0x37f ./Core/Src/door.o
 .debug_macro   0x0000000000016402      0x3f9 ./Core/Src/lcd.o
 .debug_macro   0x00000000000167fb      0x38d ./Core/Src/main.o
 .debug_macro   0x0000000000016b88       0x10 ./Core/Src/main.o
 .debug_macro   0x0000000000016b98       0x20 ./Core/Src/main.o
 .debug_macro   0x0000000000016bb8       0x1c ./Core/Src/main.o
 .debug_macro   0x0000000000016bd4      0x3f7 ./Core/Src/password.o
 .debug_macro   0x0000000000016fcb       0x16 ./Core/Src/password.o
 .debug_macro   0x0000000000016fe1      0x35d ./Core/Src/software_timer.o
 .debug_macro   0x000000000001733e      0x1a6 ./Core/Src/stm32f1xx_hal_msp.o
 .debug_macro   0x00000000000174e4      0x1b0 ./Core/Src/stm32f1xx_it.o
 .debug_macro   0x0000000000017694      0x197 ./Core/Src/system_stm32f1xx.o
 .debug_macro   0x000000000001782b      0x1bb ./Drivers/STM32F1xx_HAL_Driver/Src/stm32f1xx_hal.o
 .debug_macro   0x00000000000179e6      0x197 ./Drivers/STM32F1xx_HAL_Driver/Src/stm32f1xx_hal_cortex.o
 .debug_macro   0x0000000000017b7d      0x202 ./Drivers/STM32F1xx_HAL_Driver/Src/stm32f1xx_hal_gpio.o
 .debug_macro   0x0000000000017d7f      0x1a9 ./Drivers/STM32F1xx_HAL_Driver/Src/stm32f1xx_hal_rcc.o
 .debug_macro   0x0000000000017f28      0x198 ./Drivers/STM32F1xx_HAL_Driver/Src/stm32f1xx_hal_tim.o
 .debug_macro   0x00000000000180c0      0x197 ./Drivers/STM32F1xx_HAL_Driver/Src/stm32f1xx_hal_tim_ex.o

.debug_line     0x0000000000000000     0xc9df
 .debug_line    0x0000000000000000      0x97b ./Core/Src/buzzer.o
 .debug_line    0x000000000000097b      0xa39 ./Core/Src/door.o
 .debug_line    0x00000000000013b4      0x9dd ./Core/Src/lcd.o
 .debug_line    0x0000000000001d91      0xa0a ./Core/Src/main.o
 .debug_line    0x000000000000279b      0xd49 ./Core/Src/password.o
 .debug_line    0x00000000000034e4      0x974 ./Core/Src/software_timer.o
 .debug_line    0x0000000000003e58      0x6a1 ./Core/Src/stm32f1xx_hal_msp.o
 .debug_line    0x00000000000044f9      0x73f ./Core/Src/stm32f1xx_it.o
 .debug_line    0x0000000000004c38      0x6e3 ./Core/Src/system_stm32f1xx.o
 .debug_line    0x000000000000531b       0x86 ./Core/Startup/startup_stm32f103c6ux.o
 .debug_line    0x00000000000053a1      0x910 ./Drivers/STM32F1xx_HAL_Driver/Src/stm32f1xx_hal.o
 .debug_line    0x0000000000005cb1      0xaf8 ./Drivers/STM32F1xx_HAL_Driver/Src/stm32f1xx_hal_cortex.o
 .debug_line    0x00000000000067a9      0x993 ./Drivers/STM32F1xx_HAL_Driver/Src/stm32f1xx_hal_gpio.o
 .debug_line    0x000000000000713c      0xd1c ./Drivers/STM32F1xx_HAL_Driver/Src/stm32f1xx_hal_rcc.o
 .debug_line    0x0000000000007e58     0x3361 ./Drivers/STM32F1xx_HAL_Driver/Src/stm32f1xx_hal_tim.o
 .debug_line    0x000000000000b1b9     0x1826 ./Drivers/STM32F1xx_HAL_Driver/Src/stm32f1xx_hal_tim_ex.o

.debug_str      0x0000000000000000    0x86e9d
 .debug_str     0x0000000000000000    0x83b4e ./Core/Src/buzzer.o
                                      0x83f26 (size before relaxing)
 .debug_str     0x0000000000083b4e      0x14a ./Core/Src/door.o
                                      0x83f45 (size before relaxing)
 .debug_str     0x0000000000083c98      0x308 ./Core/Src/lcd.o
                                      0x840ee (size before relaxing)
 .debug_str     0x0000000000083fa0      0x758 ./Core/Src/main.o
                                      0x845e3 (size before relaxing)
 .debug_str     0x00000000000846f8      0x46e ./Core/Src/password.o
                                      0x842c8 (size before relaxing)
 .debug_str     0x0000000000084b66       0xe5 ./Core/Src/software_timer.o
                                      0x83e79 (size before relaxing)
 .debug_str     0x0000000000084c4b      0x2ba ./Core/Src/stm32f1xx_hal_msp.o
                                      0x802b6 (size before relaxing)
 .debug_str     0x0000000000084f05       0xcd ./Core/Src/stm32f1xx_it.o
                                      0x80018 (size before relaxing)
 .debug_str     0x0000000000084fd2       0x52 ./Core/Src/system_stm32f1xx.o
                                      0x7f77c (size before relaxing)
 .debug_str     0x0000000000085024       0x36 ./Core/Startup/startup_stm32f103c6ux.o
                                         0x70 (size before relaxing)
 .debug_str     0x000000000008505a      0x304 ./Drivers/STM32F1xx_HAL_Driver/Src/stm32f1xx_hal.o
                                      0x7fdd3 (size before relaxing)
 .debug_str     0x000000000008535e      0x300 ./Drivers/STM32F1xx_HAL_Driver/Src/stm32f1xx_hal_cortex.o
                                      0x7fddb (size before relaxing)
 .debug_str     0x000000000008565e      0x324 ./Drivers/STM32F1xx_HAL_Driver/Src/stm32f1xx_hal_gpio.o
                                      0x7fb40 (size before relaxing)
 .debug_str     0x0000000000085982      0x24f ./Drivers/STM32F1xx_HAL_Driver/Src/stm32f1xx_hal_rcc.o
                                      0x7fb79 (size before relaxing)
 .debug_str     0x0000000000085bd1      0xdde ./Drivers/STM32F1xx_HAL_Driver/Src/stm32f1xx_hal_tim.o
                                      0x80b62 (size before relaxing)
 .debug_str     0x00000000000869af      0x4ee ./Drivers/STM32F1xx_HAL_Driver/Src/stm32f1xx_hal_tim_ex.o
                                      0x80303 (size before relaxing)

.comment        0x0000000000000000       0x53
 .comment       0x0000000000000000       0x53 ./Core/Src/buzzer.o
                                         0x54 (size before relaxing)
 .comment       0x0000000000000053       0x54 ./Core/Src/door.o
 .comment       0x0000000000000053       0x54 ./Core/Src/lcd.o
 .comment       0x0000000000000053       0x54 ./Core/Src/main.o
 .comment       0x0000000000000053       0x54 ./Core/Src/password.o
 .comment       0x0000000000000053       0x54 ./Core/Src/software_timer.o
 .comment       0x0000000000000053       0x54 ./Core/Src/stm32f1xx_hal_msp.o
 .comment       0x0000000000000053       0x54 ./Core/Src/stm32f1xx_it.o
 .comment       0x0000000000000053       0x54 ./Core/Src/system_stm32f1xx.o
 .comment       0x0000000000000053       0x54 ./Drivers/STM32F1xx_HAL_Driver/Src/stm32f1xx_hal.o
 .comment       0x0000000000000053       0x54 ./Drivers/STM32F1xx_HAL_Driver/Src/stm32f1xx_hal_cortex.o
 .comment       0x0000000000000053       0x54 ./Drivers/STM32F1xx_HAL_Driver/Src/stm32f1xx_hal_gpio.o
 .comment       0x0000000000000053       0x54 ./Drivers/STM32F1xx_HAL_Driver/Src/stm32f1xx_hal_rcc.o
 .comment       0x0000000000000053       0x54 ./Drivers/STM32F1xx_HAL_Driver/Src/stm32f1xx_hal_tim.o
 .comment       0x0000000000000053       0x54 ./Drivers/STM32F1xx_HAL_Driver/Src/stm32f1xx_hal_tim_ex.o

.debug_frame    0x0000000000000000     0x2c60
 .debug_frame   0x0000000000000000       0xf8 ./Core/Src/buzzer.o
 .debug_frame   0x00000000000000f8      0x114 ./Core/Src/door.o
 .debug_frame   0x000000000000020c      0x168 ./Core/Src/lcd.o
 .debug_frame   0x0000000000000374       0xd4 ./Core/Src/main.o
 .debug_frame   0x0000000000000448      0x230 ./Core/Src/password.o
 .debug_frame   0x0000000000000678       0xf8 ./Core/Src/software_timer.o
 .debug_frame   0x0000000000000770       0x80 ./Core/Src/stm32f1xx_hal_msp.o
 .debug_frame   0x00000000000007f0      0x120 ./Core/Src/stm32f1xx_it.o
 .debug_frame   0x0000000000000910       0x58 ./Core/Src/system_stm32f1xx.o
 .debug_frame   0x0000000000000968      0x334 ./Drivers/STM32F1xx_HAL_Driver/Src/stm32f1xx_hal.o
 .debug_frame   0x0000000000000c9c      0x428 ./Drivers/STM32F1xx_HAL_Driver/Src/stm32f1xx_hal_cortex.o
 .debug_frame   0x00000000000010c4      0x14c ./Drivers/STM32F1xx_HAL_Driver/Src/stm32f1xx_hal_gpio.o
 .debug_frame   0x0000000000001210      0x218 ./Drivers/STM32F1xx_HAL_Driver/Src/stm32f1xx_hal_rcc.o
 .debug_frame   0x0000000000001428     0x11b4 ./Drivers/STM32F1xx_HAL_Driver/Src/stm32f1xx_hal_tim.o
 .debug_frame   0x00000000000025dc      0x638 ./Drivers/STM32F1xx_HAL_Driver/Src/stm32f1xx_hal_tim_ex.o
 .debug_frame   0x0000000000002c14       0x2c c:/st/stm32cubeide_1.7.0/stm32cubeide/plugins/com.st.stm32cube.ide.mcu.externaltools.gnu-tools-for-stm32.9-2020-q2-update.win32_2.0.0.202105311346/tools/bin/../lib/gcc/arm-none-eabi/9.3.1/../../../../arm-none-eabi/lib/thumb/v7-m/nofp\libc_nano.a(lib_a-init.o)
 .debug_frame   0x0000000000002c40       0x20 c:/st/stm32cubeide_1.7.0/stm32cubeide/plugins/com.st.stm32cube.ide.mcu.externaltools.gnu-tools-for-stm32.9-2020-q2-update.win32_2.0.0.202105311346/tools/bin/../lib/gcc/arm-none-eabi/9.3.1/../../../../arm-none-eabi/lib/thumb/v7-m/nofp\libc_nano.a(lib_a-memset.o)
