lcd_i2c.c:53:13:LCD_I2C_SendByte	24	static
lcd_i2c.c:66:6:LCD_I2C_SetAddress	16	static
lcd_i2c.c:73:9:LCD_I2C_GetAddress	4	static
lcd_i2c.c:80:13:LCD_I2C_WriteBits	24	static
lcd_i2c.c:102:13:LCD_I2C_PulseEnable	16	static
lcd_i2c.c:112:13:LCD_I2C_SendCommand	24	static
lcd_i2c.c:131:13:LCD_I2C_SendData	24	static
lcd_i2c.c:150:19:LCD_I2C_Init	24	static
lcd_i2c.c:204:6:LCD_I2C_Clear	8	static
lcd_i2c.c:212:6:LCD_I2C_SetCursor	24	static
lcd_i2c.c:227:6:LCD_I2C_Print	16	static
lcd_i2c.c:238:6:LCD_I2C_PutChar	16	static
lcd_i2c.c:245:6:LCD_I2C_PrintInt	32	static
lcd_i2c.c:254:6:LCD_I2C_BacklightOn	16	static
lcd_i2c.c:263:6:LCD_I2C_BacklightOff	16	static
lcd_i2c.c:272:6:LCD_I2C_BacklightToggle	8	static
lcd_i2c.c:285:6:LCD_I2C_CursorOn	8	static
lcd_i2c.c:292:6:LCD_I2C_CursorOff	8	static
